../Core/Src/main.c:278:5:main	24	static
../Core/Src/main.c:357:6:SystemClock_Config	120	static
../Core/Src/main.c:407:13:MX_I2C1_Init	8	static
../Core/Src/main.c:455:13:MX_USART2_UART_Init	8	static
../Core/Src/main.c:503:13:MX_USART3_UART_Init	8	static
../Core/Src/main.c:551:13:MX_GPIO_Init	40	static
../Core/Src/main.c:585:6:ADXL_Init	24	static
../Core/Src/main.c:595:6:Value_Conversion	8	static
../Core/Src/main.c:602:7:filtroSuavizado	24	static
../Core/Src/main.c:607:6:ENS160_Init	24	static
../Core/Src/main.c:620:6:ENS160_ConfigReg	24	static
../Core/Src/main.c:630:6:AHT21_Init	24	static
../Core/Src/main.c:644:6:AHT21_ReadData	48	static
../Core/Src/main.c:675:6:ENS160_SetTempHum	40	static
../Core/Src/main.c:692:6:Read_ENS160_Data	32	static
../Core/Src/main.c:717:6:StartSensadoTembloresTask	48	static
../Core/Src/main.c:875:6:Send_USART	104	static
../Core/Src/main.c:909:6:StartSensadoCalidadAireTask	40	static
../Core/Src/main.c:1023:6:HAL_TIM_PeriodElapsedCallback	16	static
../Core/Src/main.c:1041:6:Error_Handler	4	static,ignoring_inline_asm
