Archive member included to satisfy reference by file (symbol)

C:/Users/sarak/TEC/5_SEMESTRE/STMCubeIDE/STM32CubeIDE/plugins/com.st.stm32cube.ide.mcu.externaltools.gnu-tools-for-stm32.13.3.rel1.win32_1.0.0.202411081344/tools/bin/../lib/gcc/arm-none-eabi/13.3.1/../../../../arm-none-eabi/lib/thumb/v8-m.main+fp/hard\libc_nano.a(libc_a-exit.o)
                              C:/Users/sarak/TEC/5_SEMESTRE/STMCubeIDE/STM32CubeIDE/plugins/com.st.stm32cube.ide.mcu.externaltools.gnu-tools-for-stm32.13.3.rel1.win32_1.0.0.202411081344/tools/bin/../lib/gcc/arm-none-eabi/13.3.1/../../../../arm-none-eabi/lib/thumb/v8-m.main+fp/hard/crt0.o (exit)
C:/Users/sarak/TEC/5_SEMESTRE/STMCubeIDE/STM32CubeIDE/plugins/com.st.stm32cube.ide.mcu.externaltools.gnu-tools-for-stm32.13.3.rel1.win32_1.0.0.202411081344/tools/bin/../lib/gcc/arm-none-eabi/13.3.1/../../../../arm-none-eabi/lib/thumb/v8-m.main+fp/hard\libc_nano.a(libc_a-nano-vfprintf_float.o)
                              (_printf_float)
C:/Users/sarak/TEC/5_SEMESTRE/STMCubeIDE/STM32CubeIDE/plugins/com.st.stm32cube.ide.mcu.externaltools.gnu-tools-for-stm32.13.3.rel1.win32_1.0.0.202411081344/tools/bin/../lib/gcc/arm-none-eabi/13.3.1/../../../../arm-none-eabi/lib/thumb/v8-m.main+fp/hard\libc_nano.a(libc_a-nano-vfprintf_i.o)
                              C:/Users/sarak/TEC/5_SEMESTRE/STMCubeIDE/STM32CubeIDE/plugins/com.st.stm32cube.ide.mcu.externaltools.gnu-tools-for-stm32.13.3.rel1.win32_1.0.0.202411081344/tools/bin/../lib/gcc/arm-none-eabi/13.3.1/../../../../arm-none-eabi/lib/thumb/v8-m.main+fp/hard\libc_nano.a(libc_a-nano-vfprintf_float.o) (_printf_common)
C:/Users/sarak/TEC/5_SEMESTRE/STMCubeIDE/STM32CubeIDE/plugins/com.st.stm32cube.ide.mcu.externaltools.gnu-tools-for-stm32.13.3.rel1.win32_1.0.0.202411081344/tools/bin/../lib/gcc/arm-none-eabi/13.3.1/../../../../arm-none-eabi/lib/thumb/v8-m.main+fp/hard\libc_nano.a(libc_a-findfp.o)
                              C:/Users/sarak/TEC/5_SEMESTRE/STMCubeIDE/STM32CubeIDE/plugins/com.st.stm32cube.ide.mcu.externaltools.gnu-tools-for-stm32.13.3.rel1.win32_1.0.0.202411081344/tools/bin/../lib/gcc/arm-none-eabi/13.3.1/../../../../arm-none-eabi/lib/thumb/v8-m.main+fp/hard\libc_nano.a(libc_a-exit.o) (__stdio_exit_handler)
C:/Users/sarak/TEC/5_SEMESTRE/STMCubeIDE/STM32CubeIDE/plugins/com.st.stm32cube.ide.mcu.externaltools.gnu-tools-for-stm32.13.3.rel1.win32_1.0.0.202411081344/tools/bin/../lib/gcc/arm-none-eabi/13.3.1/../../../../arm-none-eabi/lib/thumb/v8-m.main+fp/hard\libc_nano.a(libc_a-fwalk.o)
                              C:/Users/sarak/TEC/5_SEMESTRE/STMCubeIDE/STM32CubeIDE/plugins/com.st.stm32cube.ide.mcu.externaltools.gnu-tools-for-stm32.13.3.rel1.win32_1.0.0.202411081344/tools/bin/../lib/gcc/arm-none-eabi/13.3.1/../../../../arm-none-eabi/lib/thumb/v8-m.main+fp/hard\libc_nano.a(libc_a-findfp.o) (_fwalk_sglue)
C:/Users/sarak/TEC/5_SEMESTRE/STMCubeIDE/STM32CubeIDE/plugins/com.st.stm32cube.ide.mcu.externaltools.gnu-tools-for-stm32.13.3.rel1.win32_1.0.0.202411081344/tools/bin/../lib/gcc/arm-none-eabi/13.3.1/../../../../arm-none-eabi/lib/thumb/v8-m.main+fp/hard\libc_nano.a(libc_a-snprintf.o)
                              ./Core/Src/main.o (snprintf)
C:/Users/sarak/TEC/5_SEMESTRE/STMCubeIDE/STM32CubeIDE/plugins/com.st.stm32cube.ide.mcu.externaltools.gnu-tools-for-stm32.13.3.rel1.win32_1.0.0.202411081344/tools/bin/../lib/gcc/arm-none-eabi/13.3.1/../../../../arm-none-eabi/lib/thumb/v8-m.main+fp/hard\libc_nano.a(libc_a-stdio.o)
                              C:/Users/sarak/TEC/5_SEMESTRE/STMCubeIDE/STM32CubeIDE/plugins/com.st.stm32cube.ide.mcu.externaltools.gnu-tools-for-stm32.13.3.rel1.win32_1.0.0.202411081344/tools/bin/../lib/gcc/arm-none-eabi/13.3.1/../../../../arm-none-eabi/lib/thumb/v8-m.main+fp/hard\libc_nano.a(libc_a-findfp.o) (__sread)
C:/Users/sarak/TEC/5_SEMESTRE/STMCubeIDE/STM32CubeIDE/plugins/com.st.stm32cube.ide.mcu.externaltools.gnu-tools-for-stm32.13.3.rel1.win32_1.0.0.202411081344/tools/bin/../lib/gcc/arm-none-eabi/13.3.1/../../../../arm-none-eabi/lib/thumb/v8-m.main+fp/hard\libc_nano.a(libc_a-memset.o)
                              C:/Users/sarak/TEC/5_SEMESTRE/STMCubeIDE/STM32CubeIDE/plugins/com.st.stm32cube.ide.mcu.externaltools.gnu-tools-for-stm32.13.3.rel1.win32_1.0.0.202411081344/tools/bin/../lib/gcc/arm-none-eabi/13.3.1/../../../../arm-none-eabi/lib/thumb/v8-m.main+fp/hard/crt0.o (memset)
C:/Users/sarak/TEC/5_SEMESTRE/STMCubeIDE/STM32CubeIDE/plugins/com.st.stm32cube.ide.mcu.externaltools.gnu-tools-for-stm32.13.3.rel1.win32_1.0.0.202411081344/tools/bin/../lib/gcc/arm-none-eabi/13.3.1/../../../../arm-none-eabi/lib/thumb/v8-m.main+fp/hard\libc_nano.a(libc_a-localeconv.o)
                              C:/Users/sarak/TEC/5_SEMESTRE/STMCubeIDE/STM32CubeIDE/plugins/com.st.stm32cube.ide.mcu.externaltools.gnu-tools-for-stm32.13.3.rel1.win32_1.0.0.202411081344/tools/bin/../lib/gcc/arm-none-eabi/13.3.1/../../../../arm-none-eabi/lib/thumb/v8-m.main+fp/hard\libc_nano.a(libc_a-nano-vfprintf_float.o) (_localeconv_r)
[...]
Memory Configuration

Name             Origin             Length             Attributes
RAM              0x20000000         0x00008000         xrw
FLASH            0x08000000         0x00020000         xr
*default*        0x00000000         0xffffffff

Linker script and memory map

LOAD C:/Users/sarak/TEC/5_SEMESTRE/STMCubeIDE/STM32CubeIDE/plugins/com.st.stm32cube.ide.mcu.externaltools.gnu-tools-for-stm32.13.3.rel1.win32_1.0.0.202411081344/tools/bin/../lib/gcc/arm-none-eabi/13.3.1/thumb/v8-m.main+fp/hard/crti.o
LOAD C:/Users/sarak/TEC/5_SEMESTRE/STMCubeIDE/STM32CubeIDE/plugins/com.st.stm32cube.ide.mcu.externaltools.gnu-tools-for-stm32.13.3.rel1.win32_1.0.0.202411081344/tools/bin/../lib/gcc/arm-none-eabi/13.3.1/thumb/v8-m.main+fp/hard/crtbegin.o
LOAD C:/Users/sarak/TEC/5_SEMESTRE/STMCubeIDE/STM32CubeIDE/plugins/com.st.stm32cube.ide.mcu.externaltools.gnu-tools-for-stm32.13.3.rel1.win32_1.0.0.202411081344/tools/bin/../lib/gcc/arm-none-eabi/13.3.1/../../../../arm-none-eabi/lib/thumb/v8-m.main+fp/hard/crt0.o
LOAD ./Core/Src/app_freertos.o
LOAD ./Core/Src/main.o
LOAD ./Core/Src/stm32h5xx_hal_msp.o
LOAD ./Core/Src/stm32h5xx_hal_timebase_tim.o
LOAD ./Core/Src/stm32h5xx_it.o
LOAD ./Core/Src/syscalls.o
LOAD ./Core/Src/sysmem.o
LOAD ./Core/Src/system_stm32h5xx.o
LOAD ./Core/Startup/startup_stm32h503rbtx.o
LOAD ./Drivers/STM32H5xx_HAL_Driver/Src/stm32h5xx_hal.o
LOAD ./Drivers/STM32H5xx_HAL_Driver/Src/stm32h5xx_hal_cortex.o
LOAD ./Drivers/STM32H5xx_HAL_Driver/Src/stm32h5xx_hal_dma.o
LOAD ./Drivers/STM32H5xx_HAL_Driver/Src/stm32h5xx_hal_dma_ex.o
LOAD ./Drivers/STM32H5xx_HAL_Driver/Src/stm32h5xx_hal_exti.o
LOAD ./Drivers/STM32H5xx_HAL_Driver/Src/stm32h5xx_hal_flash.o
LOAD ./Drivers/STM32H5xx_HAL_Driver/Src/stm32h5xx_hal_flash_ex.o
LOAD ./Drivers/STM32H5xx_HAL_Driver/Src/stm32h5xx_hal_gpio.o
LOAD ./Drivers/STM32H5xx_HAL_Driver/Src/stm32h5xx_hal_i2c.o
LOAD ./Drivers/STM32H5xx_HAL_Driver/Src/stm32h5xx_hal_i2c_ex.o
LOAD ./Drivers/STM32H5xx_HAL_Driver/Src/stm32h5xx_hal_pwr.o
LOAD ./Drivers/STM32H5xx_HAL_Driver/Src/stm32h5xx_hal_pwr_ex.o
LOAD ./Drivers/STM32H5xx_HAL_Driver/Src/stm32h5xx_hal_rcc.o
LOAD ./Drivers/STM32H5xx_HAL_Driver/Src/stm32h5xx_hal_rcc_ex.o
LOAD ./Drivers/STM32H5xx_HAL_Driver/Src/stm32h5xx_hal_tim.o
LOAD ./Drivers/STM32H5xx_HAL_Driver/Src/stm32h5xx_hal_tim_ex.o
LOAD ./Drivers/STM32H5xx_HAL_Driver/Src/stm32h5xx_hal_uart.o
LOAD ./Drivers/STM32H5xx_HAL_Driver/Src/stm32h5xx_hal_uart_ex.o
LOAD ./Middlewares/Third_Party/FreeRTOS/Source/CMSIS_RTOS_V2/cmsis_os2.o
LOAD ./Middlewares/Third_Party/FreeRTOS/Source/croutine.o
LOAD ./Middlewares/Third_Party/FreeRTOS/Source/event_groups.o
LOAD ./Middlewares/Third_Party/FreeRTOS/Source/list.o
LOAD ./Middlewares/Third_Party/FreeRTOS/Source/queue.o
LOAD ./Middlewares/Third_Party/FreeRTOS/Source/stream_buffer.o
LOAD ./Middlewares/Third_Party/FreeRTOS/Source/tasks.o
LOAD ./Middlewares/Third_Party/FreeRTOS/Source/timers.o
LOAD ./Middlewares/Third_Party/FreeRTOS/Source/portable/GCC/ARM_CM33_NTZ/non_secure/port.o
LOAD ./Middlewares/Third_Party/FreeRTOS/Source/portable/GCC/ARM_CM33_NTZ/non_secure/portasm.o
LOAD ./Middlewares/Third_Party/FreeRTOS/Source/portable/MemMang/heap_1.o
START GROUP
LOAD C:/Users/sarak/TEC/5_SEMESTRE/STMCubeIDE/STM32CubeIDE/plugins/com.st.stm32cube.ide.mcu.externaltools.gnu-tools-for-stm32.13.3.rel1.win32_1.0.0.202411081344/tools/bin/../lib/gcc/arm-none-eabi/13.3.1/../../../../arm-none-eabi/lib/thumb/v8-m.main+fp/hard\libc_nano.a
LOAD C:/Users/sarak/TEC/5_SEMESTRE/STMCubeIDE/STM32CubeIDE/plugins/com.st.stm32cube.ide.mcu.externaltools.gnu-tools-for-stm32.13.3.rel1.win32_1.0.0.202411081344/tools/bin/../lib/gcc/arm-none-eabi/13.3.1/../../../../arm-none-eabi/lib/thumb/v8-m.main+fp/hard\libm.a
END GROUP
START GROUP
LOAD C:/Users/sarak/TEC/5_SEMESTRE/STMCubeIDE/STM32CubeIDE/plugins/com.st.stm32cube.ide.mcu.externaltools.gnu-tools-for-stm32.13.3.rel1.win32_1.0.0.202411081344/tools/bin/../lib/gcc/arm-none-eabi/13.3.1/thumb/v8-m.main+fp/hard\libgcc.a
LOAD C:/Users/sarak/TEC/5_SEMESTRE/STMCubeIDE/STM32CubeIDE/plugins/com.st.stm32cube.ide.mcu.externaltools.gnu-tools-for-stm32.13.3.rel1.win32_1.0.0.202411081344/tools/bin/../lib/gcc/arm-none-eabi/13.3.1/../../../../arm-none-eabi/lib/thumb/v8-m.main+fp/hard\libc_nano.a
END GROUP
START GROUP
LOAD C:/Users/sarak/TEC/5_SEMESTRE/STMCubeIDE/STM32CubeIDE/plugins/com.st.stm32cube.ide.mcu.externaltools.gnu-tools-for-stm32.13.3.rel1.win32_1.0.0.202411081344/tools/bin/../lib/gcc/arm-none-eabi/13.3.1/thumb/v8-m.main+fp/hard\libgcc.a
LOAD C:/Users/sarak/TEC/5_SEMESTRE/STMCubeIDE/STM32CubeIDE/plugins/com.st.stm32cube.ide.mcu.externaltools.gnu-tools-for-stm32.13.3.rel1.win32_1.0.0.202411081344/tools/bin/../lib/gcc/arm-none-eabi/13.3.1/../../../../arm-none-eabi/lib/thumb/v8-m.main+fp/hard\libc_nano.a
LOAD C:/Users/sarak/TEC/5_SEMESTRE/STMCubeIDE/STM32CubeIDE/plugins/com.st.stm32cube.ide.mcu.externaltools.gnu-tools-for-stm32.13.3.rel1.win32_1.0.0.202411081344/tools/bin/../lib/gcc/arm-none-eabi/13.3.1/../../../../arm-none-eabi/lib/thumb/v8-m.main+fp/hard\libnosys.a
END GROUP
START GROUP
LOAD C:/Users/sarak/TEC/5_SEMESTRE/STMCubeIDE/STM32CubeIDE/plugins/com.st.stm32cube.ide.mcu.externaltools.gnu-tools-for-stm32.13.3.rel1.win32_1.0.0.202411081344/tools/bin/../lib/gcc/arm-none-eabi/13.3.1/thumb/v8-m.main+fp/hard\libgcc.a
LOAD C:/Users/sarak/TEC/5_SEMESTRE/STMCubeIDE/STM32CubeIDE/plugins/com.st.stm32cube.ide.mcu.externaltools.gnu-tools-for-stm32.13.3.rel1.win32_1.0.0.202411081344/tools/bin/../lib/gcc/arm-none-eabi/13.3.1/../../../../arm-none-eabi/lib/thumb/v8-m.main+fp/hard\libc_nano.a
LOAD C:/Users/sarak/TEC/5_SEMESTRE/STMCubeIDE/STM32CubeIDE/plugins/com.st.stm32cube.ide.mcu.externaltools.gnu-tools-for-stm32.13.3.rel1.win32_1.0.0.202411081344/tools/bin/../lib/gcc/arm-none-eabi/13.3.1/../../../../arm-none-eabi/lib/thumb/v8-m.main+fp/hard\libnosys.a
END GROUP
LOAD C:/Users/sarak/TEC/5_SEMESTRE/STMCubeIDE/STM32CubeIDE/plugins/com.st.stm32cube.ide.mcu.externaltools.gnu-tools-for-stm32.13.3.rel1.win32_1.0.0.202411081344/tools/bin/../lib/gcc/arm-none-eabi/13.3.1/thumb/v8-m.main+fp/hard/crtend.o
LOAD C:/Users/sarak/TEC/5_SEMESTRE/STMCubeIDE/STM32CubeIDE/plugins/com.st.stm32cube.ide.mcu.externaltools.gnu-tools-for-stm32.13.3.rel1.win32_1.0.0.202411081344/tools/bin/../lib/gcc/arm-none-eabi/13.3.1/thumb/v8-m.main+fp/hard/crtn.o
                0x20008000                        _estack = (ORIGIN (RAM) + LENGTH (RAM))
                0x00000200                        _Min_Heap_Size = 0x200
                0x00000400                        _Min_Stack_Size = 0x400

.isr_vector     0x08000000      0x258
                0x08000000                        . = ALIGN (0x4)
 *(.isr_vector)
 .isr_vector    0x08000000      0x258 ./Core/Startup/startup_stm32h503rbtx.o
                0x08000000                g_pfnVectors
                0x08000258                        . = ALIGN (0x4)

.text           0x08000260     0xcecc
                0x08000260                        . = ALIGN (0x4)
 *(.text)
 .text          0x08000260       0x40 C:/Users/sarak/TEC/5_SEMESTRE/STMCubeIDE/STM32CubeIDE/plugins/com.st.stm32cube.ide.mcu.externaltools.gnu-tools-for-stm32.13.3.rel1.win32_1.0.0.202411081344/tools/bin/../lib/gcc/arm-none-eabi/13.3.1/thumb/v8-m.main+fp/hard/crtbegin.o
 .text          0x080002a0       0x10 C:/Users/sarak/TEC/5_SEMESTRE/STMCubeIDE/STM32CubeIDE/plugins/com.st.stm32cube.ide.mcu.externaltools.gnu-tools-for-stm32.13.3.rel1.win32_1.0.0.202411081344/tools/bin/../lib/gcc/arm-none-eabi/13.3.1/../../../../arm-none-eabi/lib/thumb/v8-m.main+fp/hard\libc_nano.a(libc_a-strlen.o)
                0x080002a0                strlen
 .text          0x080002b0      0x378 C:/Users/sarak/TEC/5_SEMESTRE/STMCubeIDE/STM32CubeIDE/plugins/com.st.stm32cube.ide.mcu.externaltools.gnu-tools-for-stm32.13.3.rel1.win32_1.0.0.202411081344/tools/bin/../lib/gcc/arm-none-eabi/13.3.1/thumb/v8-m.main+fp/hard\libgcc.a(_arm_addsubdf3.o)
                0x080002b0                __aeabi_drsub
                0x080002b8                __aeabi_dsub
                0x080002b8                __subdf3
                0x080002bc                __aeabi_dadd
                0x080002bc                __adddf3
                0x08000534                __floatunsidf
                0x08000534                __aeabi_ui2d
                0x08000554                __floatsidf
                0x08000554                __aeabi_i2d
                0x08000578                __aeabi_f2d
                0x08000578                __extendsfdf2
                0x080005bc                __floatundidf
                0x080005bc                __aeabi_ul2d
                0x080005cc                __floatdidf
                0x080005cc                __aeabi_l2d
 .text          0x08000628      0x424 C:/Users/sarak/TEC/5_SEMESTRE/STMCubeIDE/STM32CubeIDE/plugins/com.st.stm32cube.ide.mcu.externaltools.gnu-tools-for-stm32.13.3.rel1.win32_1.0.0.202411081344/tools/bin/../lib/gcc/arm-none-eabi/13.3.1/thumb/v8-m.main+fp/hard\libgcc.a(_arm_muldivdf3.o)
                0x08000628                __aeabi_dmul
                0x08000628                __muldf3
                0x0800087c                __divdf3
                0x0800087c                __aeabi_ddiv
 .text          0x08000a4c      0x110 C:/Users/sarak/TEC/5_SEMESTRE/STMCubeIDE/STM32CubeIDE/plugins/com.st.stm32cube.ide.mcu.externaltools.gnu-tools-for-stm32.13.3.rel1.win32_1.0.0.202411081344/tools/bin/../lib/gcc/arm-none-eabi/13.3.1/thumb/v8-m.main+fp/hard\libgcc.a(_arm_cmpdf2.o)
                0x08000a4c                __gtdf2
                0x08000a4c                __gedf2
                0x08000a54                __ltdf2
                0x08000a54                __ledf2
                0x08000a5c                __nedf2
                0x08000a5c                __eqdf2
                0x08000a5c                __cmpdf2
                0x08000ad8                __aeabi_cdrcmple
                0x08000ae8                __aeabi_cdcmpeq
                0x08000ae8                __aeabi_cdcmple
                0x08000af8                __aeabi_dcmpeq
                0x08000b0c                __aeabi_dcmplt
                0x08000b20                __aeabi_dcmple
                0x08000b34                __aeabi_dcmpge
                0x08000b48                __aeabi_dcmpgt
 .text          0x08000b5c       0x2c C:/Users/sarak/TEC/5_SEMESTRE/STMCubeIDE/STM32CubeIDE/plugins/com.st.stm32cube.ide.mcu.externaltools.gnu-tools-for-stm32.13.3.rel1.win32_1.0.0.202411081344/tools/bin/../lib/gcc/arm-none-eabi/13.3.1/thumb/v8-m.main+fp/hard\libgcc.a(_arm_unorddf2.o)
                0x08000b5c                __unorddf2
                0x08000b5c                __aeabi_dcmpun
 .text          0x08000b88       0x50 C:/Users/sarak/TEC/5_SEMESTRE/STMCubeIDE/STM32CubeIDE/plugins/com.st.stm32cube.ide.mcu.externaltools.gnu-tools-for-stm32.13.3.rel1.win32_1.0.0.202411081344/tools/bin/../lib/gcc/arm-none-eabi/13.3.1/thumb/v8-m.main+fp/hard\libgcc.a(_arm_fixdfsi.o)
                0x08000b88                __aeabi_d2iz
                0x08000b88                __fixdfsi
 .text          0x08000bd8       0xa0 C:/Users/sarak/TEC/5_SEMESTRE/STMCubeIDE/STM32CubeIDE/plugins/com.st.stm32cube.ide.mcu.externaltools.gnu-tools-for-stm32.13.3.rel1.win32_1.0.0.202411081344/tools/bin/../lib/gcc/arm-none-eabi/13.3.1/thumb/v8-m.main+fp/hard\libgcc.a(_arm_truncdfsf2.o)
                0x08000bd8                __truncdfsf2
                0x08000bd8                __aeabi_d2f
 .text          0x08000c78       0x30 C:/Users/sarak/TEC/5_SEMESTRE/STMCubeIDE/STM32CubeIDE/plugins/com.st.stm32cube.ide.mcu.externaltools.gnu-tools-for-stm32.13.3.rel1.win32_1.0.0.202411081344/tools/bin/../lib/gcc/arm-none-eabi/13.3.1/thumb/v8-m.main+fp/hard\libgcc.a(_aeabi_uldivmod.o)
                0x08000c78                __aeabi_uldivmod
 .text          0x08000ca8      0x348 C:/Users/sarak/TEC/5_SEMESTRE/STMCubeIDE/STM32CubeIDE/plugins/com.st.stm32cube.ide.mcu.externaltools.gnu-tools-for-stm32.13.3.rel1.win32_1.0.0.202411081344/tools/bin/../lib/gcc/arm-none-eabi/13.3.1/thumb/v8-m.main+fp/hard\libgcc.a(_udivmoddi4.o)
                0x08000ca8                __udivmoddi4
 .text          0x08000ff0        0x4 C:/Users/sarak/TEC/5_SEMESTRE/STMCubeIDE/STM32CubeIDE/plugins/com.st.stm32cube.ide.mcu.externaltools.gnu-tools-for-stm32.13.3.rel1.win32_1.0.0.202411081344/tools/bin/../lib/gcc/arm-none-eabi/13.3.1/thumb/v8-m.main+fp/hard\libgcc.a(_dvmd_tls.o)
                0x08000ff0                __aeabi_idiv0
                0x08000ff0                __aeabi_ldiv0
 *(.text*)
 .text.MX_FREERTOS_Init
                0x08000ff4       0x24 ./Core/Src/app_freertos.o
                0x08000ff4                MX_FREERTOS_Init
 .text.StartDefaultTask
                0x08001018       0x10 ./Core/Src/app_freertos.o
                0x08001018                StartDefaultTask
 .text.main     0x08001028       0xc0 ./Core/Src/main.o
                0x08001028                main
 .text.SystemClock_Config
                0x080010e8       0xc4 ./Core/Src/main.o
                0x080010e8                SystemClock_Config
 .text.MX_I2C1_Init
                0x080011ac       0x80 ./Core/Src/main.o
 .text.MX_USART2_UART_Init
                0x0800122c       0x98 ./Core/Src/main.o
 .text.MX_USART3_UART_Init
                0x080012c4       0x98 ./Core/Src/main.o
 .text.MX_GPIO_Init
                0x0800135c       0xc8 ./Core/Src/main.o
 .text.ADXL_Init
                0x08001424       0x78 ./Core/Src/main.o
                0x08001424                ADXL_Init
 .text.Value_Conversion
                0x0800149c       0x8c ./Core/Src/main.o
                0x0800149c                Value_Conversion
 .text.filtroSuavizado
                0x08001528       0x70 ./Core/Src/main.o
                0x08001528                filtroSuavizado
 .text.ENS160_Init
                0x08001598       0x80 ./Core/Src/main.o
                0x08001598                ENS160_Init
 .text.ENS160_ConfigReg
                0x08001618       0x7c ./Core/Src/main.o
                0x08001618                ENS160_ConfigReg
 .text.AHT21_Init
                0x08001694       0x5c ./Core/Src/main.o
                0x08001694                AHT21_Init
 .text.AHT21_ReadData
                0x080016f0      0x10c ./Core/Src/main.o
                0x080016f0                AHT21_ReadData
 .text.ENS160_SetTempHum
                0x080017fc       0xe4 ./Core/Src/main.o
                0x080017fc                ENS160_SetTempHum
 .text.StartSensadoTembloresTask
                0x080018e0      0x258 ./Core/Src/main.o
                0x080018e0                StartSensadoTembloresTask
 .text.Send_USART
                0x08001b38       0xdc ./Core/Src/main.o
                0x08001b38                Send_USART
 .text.StartSensadoCalidadAireTask
                0x08001c14      0x1a8 ./Core/Src/main.o
                0x08001c14                StartSensadoCalidadAireTask
 .text.HAL_TIM_PeriodElapsedCallback
                0x08001dbc       0x24 ./Core/Src/main.o
                0x08001dbc                HAL_TIM_PeriodElapsedCallback
 .text.Error_Handler
                0x08001de0        0xc ./Core/Src/main.o
                0x08001de0                Error_Handler
 .text.HAL_MspInit
                0x08001dec       0x14 ./Core/Src/stm32h5xx_hal_msp.o
                0x08001dec                HAL_MspInit
 .text.HAL_I2C_MspInit
                0x08001e00      0x120 ./Core/Src/stm32h5xx_hal_msp.o
                0x08001e00                HAL_I2C_MspInit
 .text.HAL_UART_MspInit
                0x08001f20      0x16c ./Core/Src/stm32h5xx_hal_msp.o
                0x08001f20                HAL_UART_MspInit
 .text.HAL_InitTick
                0x0800208c       0xec ./Core/Src/stm32h5xx_hal_timebase_tim.o
                0x0800208c                HAL_InitTick
 .text.NMI_Handler
                0x08002178        0x8 ./Core/Src/stm32h5xx_it.o
                0x08002178                NMI_Handler
 .text.HardFault_Handler
                0x08002180        0x8 ./Core/Src/stm32h5xx_it.o
                0x08002180                HardFault_Handler
 .text.MemManage_Handler
                0x08002188        0x8 ./Core/Src/stm32h5xx_it.o
                0x08002188                MemManage_Handler
 .text.BusFault_Handler
                0x08002190        0x8 ./Core/Src/stm32h5xx_it.o
                0x08002190                BusFault_Handler
 .text.UsageFault_Handler
                0x08002198        0x8 ./Core/Src/stm32h5xx_it.o
                0x08002198                UsageFault_Handler
 .text.DebugMon_Handler
                0x080021a0        0xe ./Core/Src/stm32h5xx_it.o
                0x080021a0                DebugMon_Handler
 *fill*         0x080021ae        0x2 
 .text.TIM6_IRQHandler
                0x080021b0       0x14 ./Core/Src/stm32h5xx_it.o
                0x080021b0                TIM6_IRQHandler
 .text._getpid  0x080021c4       0x10 ./Core/Src/syscalls.o
                0x080021c4                _getpid
 .text._kill    0x080021d4       0x20 ./Core/Src/syscalls.o
                0x080021d4                _kill
 .text._exit    0x080021f4       0x16 ./Core/Src/syscalls.o
                0x080021f4                _exit
 .text._read    0x0800220a       0x3a ./Core/Src/syscalls.o
                0x0800220a                _read
 .text._write   0x08002244       0x38 ./Core/Src/syscalls.o
                0x08002244                _write
 .text._close   0x0800227c       0x18 ./Core/Src/syscalls.o
                0x0800227c                _close
 .text._fstat   0x08002294       0x20 ./Core/Src/syscalls.o
                0x08002294                _fstat
 .text._isatty  0x080022b4       0x16 ./Core/Src/syscalls.o
                0x080022b4                _isatty
 .text._lseek   0x080022ca       0x1a ./Core/Src/syscalls.o
                0x080022ca                _lseek
 .text._sbrk    0x080022e4       0x6c ./Core/Src/sysmem.o
                0x080022e4                _sbrk
 .text.SystemInit
                0x08002350       0xe4 ./Core/Src/system_stm32h5xx.o
                0x08002350                SystemInit
 .text.Reset_Handler
                0x08002434       0x50 ./Core/Startup/startup_stm32h503rbtx.o
                0x08002434                Reset_Handler
 .text.Default_Handler
                0x08002484        0x2 ./Core/Startup/startup_stm32h503rbtx.o
                0x08002484                EXTI2_IRQHandler
                0x08002484                EXTI5_IRQHandler
                0x08002484                I3C1_ER_IRQHandler
                0x08002484                GPDMA2_Channel1_IRQHandler
                0x08002484                EXTI13_IRQHandler
                0x08002484                TIM1_CC_IRQHandler
                0x08002484                GPDMA2_Channel3_IRQHandler
                0x08002484                TAMP_IRQHandler
                0x08002484                EXTI12_IRQHandler
                0x08002484                USB_DRD_FS_IRQHandler
                0x08002484                EXTI3_IRQHandler
                0x08002484                GPDMA1_Channel5_IRQHandler
                0x08002484                EXTI8_IRQHandler
                0x08002484                GPDMA2_Channel5_IRQHandler
                0x08002484                LPTIM2_IRQHandler
                0x08002484                GPDMA2_Channel2_IRQHandler
                0x08002484                EXTI0_IRQHandler
                0x08002484                I2C2_EV_IRQHandler
                0x08002484                FPU_IRQHandler
                0x08002484                GPDMA1_Channel3_IRQHandler
                0x08002484                GPDMA1_Channel7_IRQHandler
                0x08002484                FDCAN1_IT1_IRQHandler
                0x08002484                RAMCFG_IRQHandler
                0x08002484                SPI1_IRQHandler
                0x08002484                GPDMA1_Channel2_IRQHandler
                0x08002484                ADC1_IRQHandler
                0x08002484                I3C2_ER_IRQHandler
                0x08002484                EXTI15_IRQHandler
                0x08002484                USART3_IRQHandler
                0x08002484                RTC_IRQHandler
                0x08002484                EXTI9_IRQHandler
                0x08002484                I3C2_EV_IRQHandler
                0x08002484                I2C1_EV_IRQHandler
                0x08002484                GPDMA1_Channel1_IRQHandler
                0x08002484                TIM3_IRQHandler
                0x08002484                RCC_IRQHandler
                0x08002484                TIM1_TRG_COM_IRQHandler
                0x08002484                Default_Handler
                0x08002484                GPDMA2_Channel4_IRQHandler
                0x08002484                TIM7_IRQHandler
                0x08002484                GPDMA1_Channel0_IRQHandler
                0x08002484                I3C1_EV_IRQHandler
                0x08002484                PVD_AVD_IRQHandler
                0x08002484                SPI2_IRQHandler
                0x08002484                EXTI14_IRQHandler
                0x08002484                EXTI11_IRQHandler
                0x08002484                CRS_IRQHandler
                0x08002484                EXTI4_IRQHandler
                0x08002484                GPDMA2_Channel0_IRQHandler
                0x08002484                RNG_IRQHandler
                0x08002484                GPDMA2_Channel6_IRQHandler
                0x08002484                TIM1_UP_IRQHandler
                0x08002484                WWDG_IRQHandler
                0x08002484                IWDG_IRQHandler
                0x08002484                LPUART1_IRQHandler
                0x08002484                FDCAN1_IT0_IRQHandler
                0x08002484                TIM2_IRQHandler
                0x08002484                GPDMA1_Channel4_IRQHandler
                0x08002484                EXTI7_IRQHandler
                0x08002484                TIM1_BRK_IRQHandler
                0x08002484                EXTI1_IRQHandler
                0x08002484                DAC1_IRQHandler
                0x08002484                DTS_IRQHandler
                0x08002484                GTZC_IRQHandler
                0x08002484                USART2_IRQHandler
                0x08002484                GPDMA1_Channel6_IRQHandler
                0x08002484                GPDMA2_Channel7_IRQHandler
                0x08002484                I2C2_ER_IRQHandler
                0x08002484                FLASH_IRQHandler
                0x08002484                USART1_IRQHandler
                0x08002484                EXTI10_IRQHandler
                0x08002484                SPI3_IRQHandler
                0x08002484                I2C1_ER_IRQHandler
                0x08002484                EXTI6_IRQHandler
                0x08002484                COMP1_IRQHandler
                0x08002484                LPTIM1_IRQHandler
                0x08002484                ICACHE_IRQHandler
                0x08002484                HASH_IRQHandler
 *fill*         0x08002486        0x2 
 .text.HAL_Init
                0x08002488       0x50 ./Drivers/STM32H5xx_HAL_Driver/Src/stm32h5xx_hal.o
                0x08002488                HAL_Init
 .text.HAL_IncTick
                0x080024d8       0x28 ./Drivers/STM32H5xx_HAL_Driver/Src/stm32h5xx_hal.o
                0x080024d8                HAL_IncTick
 .text.HAL_GetTick
                0x08002500       0x18 ./Drivers/STM32H5xx_HAL_Driver/Src/stm32h5xx_hal.o
                0x08002500                HAL_GetTick
 .text.HAL_Delay
                0x08002518       0x48 ./Drivers/STM32H5xx_HAL_Driver/Src/stm32h5xx_hal.o
                0x08002518                HAL_Delay
 .text.__NVIC_SetPriorityGrouping
                0x08002560       0x48 ./Drivers/STM32H5xx_HAL_Driver/Src/stm32h5xx_hal_cortex.o
 .text.__NVIC_GetPriorityGrouping
                0x080025a8       0x1c ./Drivers/STM32H5xx_HAL_Driver/Src/stm32h5xx_hal_cortex.o
 .text.__NVIC_EnableIRQ
                0x080025c4       0x3c ./Drivers/STM32H5xx_HAL_Driver/Src/stm32h5xx_hal_cortex.o
 .text.__NVIC_SetPriority
                0x08002600       0x54 ./Drivers/STM32H5xx_HAL_Driver/Src/stm32h5xx_hal_cortex.o
 .text.NVIC_EncodePriority
                0x08002654       0x66 ./Drivers/STM32H5xx_HAL_Driver/Src/stm32h5xx_hal_cortex.o
 .text.HAL_NVIC_SetPriorityGrouping
                0x080026ba       0x16 ./Drivers/STM32H5xx_HAL_Driver/Src/stm32h5xx_hal_cortex.o
                0x080026ba                HAL_NVIC_SetPriorityGrouping
 .text.HAL_NVIC_SetPriority
                0x080026d0       0x34 ./Drivers/STM32H5xx_HAL_Driver/Src/stm32h5xx_hal_cortex.o
                0x080026d0                HAL_NVIC_SetPriority
 .text.HAL_NVIC_EnableIRQ
                0x08002704       0x1c ./Drivers/STM32H5xx_HAL_Driver/Src/stm32h5xx_hal_cortex.o
                0x08002704                HAL_NVIC_EnableIRQ
 .text.HAL_SYSTICK_CLKSourceConfig
                0x08002720       0xb0 ./Drivers/STM32H5xx_HAL_Driver/Src/stm32h5xx_hal_cortex.o
                0x08002720                HAL_SYSTICK_CLKSourceConfig
 .text.HAL_GPIO_Init
                0x080027d0      0x2bc ./Drivers/STM32H5xx_HAL_Driver/Src/stm32h5xx_hal_gpio.o
                0x080027d0                HAL_GPIO_Init
 .text.HAL_GPIO_WritePin
                0x08002a8c       0x30 ./Drivers/STM32H5xx_HAL_Driver/Src/stm32h5xx_hal_gpio.o
                0x08002a8c                HAL_GPIO_WritePin
 .text.HAL_GPIO_TogglePin
                0x08002abc       0x34 ./Drivers/STM32H5xx_HAL_Driver/Src/stm32h5xx_hal_gpio.o
                0x08002abc                HAL_GPIO_TogglePin
 .text.HAL_I2C_Init
                0x08002af0      0x136 ./Drivers/STM32H5xx_HAL_Driver/Src/stm32h5xx_hal_i2c.o
                0x08002af0                HAL_I2C_Init
 *fill*         0x08002c26        0x2 
 .text.HAL_I2C_Master_Transmit
                0x08002c28      0x1e8 ./Drivers/STM32H5xx_HAL_Driver/Src/stm32h5xx_hal_i2c.o
                0x08002c28                HAL_I2C_Master_Transmit
 .text.HAL_I2C_Master_Receive
                0x08002e10      0x1ec ./Drivers/STM32H5xx_HAL_Driver/Src/stm32h5xx_hal_i2c.o
                0x08002e10                HAL_I2C_Master_Receive
 .text.HAL_I2C_Mem_Write
                0x08002ffc      0x228 ./Drivers/STM32H5xx_HAL_Driver/Src/stm32h5xx_hal_i2c.o
                0x08002ffc                HAL_I2C_Mem_Write
 .text.HAL_I2C_Mem_Read
                0x08003224      0x234 ./Drivers/STM32H5xx_HAL_Driver/Src/stm32h5xx_hal_i2c.o
                0x08003224                HAL_I2C_Mem_Read
 .text.I2C_RequestMemoryWrite
                0x08003458       0xa8 ./Drivers/STM32H5xx_HAL_Driver/Src/stm32h5xx_hal_i2c.o
 .text.I2C_RequestMemoryRead
                0x08003500       0xa8 ./Drivers/STM32H5xx_HAL_Driver/Src/stm32h5xx_hal_i2c.o
 .text.I2C_Flush_TXDR
                0x080035a8       0x48 ./Drivers/STM32H5xx_HAL_Driver/Src/stm32h5xx_hal_i2c.o
 .text.I2C_WaitOnFlagUntilTimeout
                0x080035f0       0xb2 ./Drivers/STM32H5xx_HAL_Driver/Src/stm32h5xx_hal_i2c.o
 .text.I2C_WaitOnTXISFlagUntilTimeout
                0x080036a2       0x8e ./Drivers/STM32H5xx_HAL_Driver/Src/stm32h5xx_hal_i2c.o
 .text.I2C_WaitOnSTOPFlagUntilTimeout
                0x08003730       0x86 ./Drivers/STM32H5xx_HAL_Driver/Src/stm32h5xx_hal_i2c.o
 *fill*         0x080037b6        0x2 
 .text.I2C_WaitOnRXNEFlagUntilTimeout
                0x080037b8      0x118 ./Drivers/STM32H5xx_HAL_Driver/Src/stm32h5xx_hal_i2c.o
 .text.I2C_IsErrorOccurred
                0x080038d0      0x1c0 ./Drivers/STM32H5xx_HAL_Driver/Src/stm32h5xx_hal_i2c.o
 .text.I2C_TransferConfig
                0x08003a90       0x64 ./Drivers/STM32H5xx_HAL_Driver/Src/stm32h5xx_hal_i2c.o
 .text.HAL_I2CEx_ConfigAnalogFilter
                0x08003af4       0x96 ./Drivers/STM32H5xx_HAL_Driver/Src/stm32h5xx_hal_i2c_ex.o
                0x08003af4                HAL_I2CEx_ConfigAnalogFilter
 .text.HAL_I2CEx_ConfigDigitalFilter
                0x08003b8a       0x98 ./Drivers/STM32H5xx_HAL_Driver/Src/stm32h5xx_hal_i2c_ex.o
                0x08003b8a                HAL_I2CEx_ConfigDigitalFilter
 *fill*         0x08003c22        0x2 
 .text.HAL_RCC_OscConfig
                0x08003c24      0x870 ./Drivers/STM32H5xx_HAL_Driver/Src/stm32h5xx_hal_rcc.o
                0x08003c24                HAL_RCC_OscConfig
 .text.HAL_RCC_ClockConfig
                0x08004494      0x370 ./Drivers/STM32H5xx_HAL_Driver/Src/stm32h5xx_hal_rcc.o
                0x08004494                HAL_RCC_ClockConfig
 .text.HAL_RCC_GetSysClockFreq
                0x08004804      0x258 ./Drivers/STM32H5xx_HAL_Driver/Src/stm32h5xx_hal_rcc.o
                0x08004804                HAL_RCC_GetSysClockFreq
 .text.HAL_RCC_GetHCLKFreq
                0x08004a5c       0x38 ./Drivers/STM32H5xx_HAL_Driver/Src/stm32h5xx_hal_rcc.o
                0x08004a5c                HAL_RCC_GetHCLKFreq
 .text.HAL_RCC_GetPCLK1Freq
                0x08004a94       0x2c ./Drivers/STM32H5xx_HAL_Driver/Src/stm32h5xx_hal_rcc.o
                0x08004a94                HAL_RCC_GetPCLK1Freq
 .text.HAL_RCC_GetPCLK2Freq
                0x08004ac0       0x2c ./Drivers/STM32H5xx_HAL_Driver/Src/stm32h5xx_hal_rcc.o
                0x08004ac0                HAL_RCC_GetPCLK2Freq
 .text.HAL_RCC_GetPCLK3Freq
                0x08004aec       0x2c ./Drivers/STM32H5xx_HAL_Driver/Src/stm32h5xx_hal_rcc.o
                0x08004aec                HAL_RCC_GetPCLK3Freq
 .text.HAL_RCC_GetClockConfig
                0x08004b18       0x70 ./Drivers/STM32H5xx_HAL_Driver/Src/stm32h5xx_hal_rcc.o
                0x08004b18                HAL_RCC_GetClockConfig
 .text.HAL_RCCEx_PeriphCLKConfig
                0x08004b88      0xc48 ./Drivers/STM32H5xx_HAL_Driver/Src/stm32h5xx_hal_rcc_ex.o
                0x08004b88                HAL_RCCEx_PeriphCLKConfig
 .text.HAL_RCCEx_GetPLL1ClockFreq
                0x080057d0      0x2d8 ./Drivers/STM32H5xx_HAL_Driver/Src/stm32h5xx_hal_rcc_ex.o
                0x080057d0                HAL_RCCEx_GetPLL1ClockFreq
 .text.HAL_RCCEx_GetPLL2ClockFreq
                0x08005aa8      0x2d8 ./Drivers/STM32H5xx_HAL_Driver/Src/stm32h5xx_hal_rcc_ex.o
                0x08005aa8                HAL_RCCEx_GetPLL2ClockFreq
 .text.HAL_RCCEx_GetPeriphCLKFreq
                0x08005d80      0xe7c ./Drivers/STM32H5xx_HAL_Driver/Src/stm32h5xx_hal_rcc_ex.o
                0x08005d80                HAL_RCCEx_GetPeriphCLKFreq
 .text.RCCEx_PLL2_Config
                0x08006bfc      0x130 ./Drivers/STM32H5xx_HAL_Driver/Src/stm32h5xx_hal_rcc_ex.o
 .text.HAL_TIM_Base_Init
                0x08006d2c       0xae ./Drivers/STM32H5xx_HAL_Driver/Src/stm32h5xx_hal_tim.o
                0x08006d2c                HAL_TIM_Base_Init
 .text.HAL_TIM_Base_MspInit
                0x08006dda       0x14 ./Drivers/STM32H5xx_HAL_Driver/Src/stm32h5xx_hal_tim.o
                0x08006dda                HAL_TIM_Base_MspInit
 *fill*         0x08006dee        0x2 
 .text.HAL_TIM_Base_Start_IT
                0x08006df0       0xa8 ./Drivers/STM32H5xx_HAL_Driver/Src/stm32h5xx_hal_tim.o
                0x08006df0                HAL_TIM_Base_Start_IT
 .text.HAL_TIM_IRQHandler
                0x08006e98      0x29e ./Drivers/STM32H5xx_HAL_Driver/Src/stm32h5xx_hal_tim.o
                0x08006e98                HAL_TIM_IRQHandler
 .text.HAL_TIM_OC_DelayElapsedCallback
                0x08007136       0x14 ./Drivers/STM32H5xx_HAL_Driver/Src/stm32h5xx_hal_tim.o
                0x08007136                HAL_TIM_OC_DelayElapsedCallback
 .text.HAL_TIM_IC_CaptureCallback
                0x0800714a       0x14 ./Drivers/STM32H5xx_HAL_Driver/Src/stm32h5xx_hal_tim.o
                0x0800714a                HAL_TIM_IC_CaptureCallback
 .text.HAL_TIM_PWM_PulseFinishedCallback
                0x0800715e       0x14 ./Drivers/STM32H5xx_HAL_Driver/Src/stm32h5xx_hal_tim.o
                0x0800715e                HAL_TIM_PWM_PulseFinishedCallback
 .text.HAL_TIM_TriggerCallback
                0x08007172       0x14 ./Drivers/STM32H5xx_HAL_Driver/Src/stm32h5xx_hal_tim.o
                0x08007172                HAL_TIM_TriggerCallback
 *fill*         0x08007186        0x2 
 .text.TIM_Base_SetConfig
                0x08007188       0xcc ./Drivers/STM32H5xx_HAL_Driver/Src/stm32h5xx_hal_tim.o
                0x08007188                TIM_Base_SetConfig
 .text.HAL_TIMEx_CommutCallback
                0x08007254       0x14 ./Drivers/STM32H5xx_HAL_Driver/Src/stm32h5xx_hal_tim_ex.o
                0x08007254                HAL_TIMEx_CommutCallback
 .text.HAL_TIMEx_BreakCallback
                0x08007268       0x14 ./Drivers/STM32H5xx_HAL_Driver/Src/stm32h5xx_hal_tim_ex.o
                0x08007268                HAL_TIMEx_BreakCallback
 .text.HAL_TIMEx_Break2Callback
                0x0800727c       0x14 ./Drivers/STM32H5xx_HAL_Driver/Src/stm32h5xx_hal_tim_ex.o
                0x0800727c                HAL_TIMEx_Break2Callback
 .text.HAL_TIMEx_EncoderIndexCallback
                0x08007290       0x14 ./Drivers/STM32H5xx_HAL_Driver/Src/stm32h5xx_hal_tim_ex.o
                0x08007290                HAL_TIMEx_EncoderIndexCallback
 .text.HAL_TIMEx_DirectionChangeCallback
                0x080072a4       0x14 ./Drivers/STM32H5xx_HAL_Driver/Src/stm32h5xx_hal_tim_ex.o
                0x080072a4                HAL_TIMEx_DirectionChangeCallback
 .text.HAL_TIMEx_IndexErrorCallback
                0x080072b8       0x14 ./Drivers/STM32H5xx_HAL_Driver/Src/stm32h5xx_hal_tim_ex.o
                0x080072b8                HAL_TIMEx_IndexErrorCallback
 .text.HAL_TIMEx_TransitionErrorCallback
                0x080072cc       0x14 ./Drivers/STM32H5xx_HAL_Driver/Src/stm32h5xx_hal_tim_ex.o
                0x080072cc                HAL_TIMEx_TransitionErrorCallback
 .text.HAL_UART_Init
                0x080072e0       0xa0 ./Drivers/STM32H5xx_HAL_Driver/Src/stm32h5xx_hal_uart.o
                0x080072e0                HAL_UART_Init
 .text.HAL_UART_Transmit
                0x08007380      0x13c ./Drivers/STM32H5xx_HAL_Driver/Src/stm32h5xx_hal_uart.o
                0x08007380                HAL_UART_Transmit
 .text.UART_SetConfig
                0x080074bc      0x2fc ./Drivers/STM32H5xx_HAL_Driver/Src/stm32h5xx_hal_uart.o
                0x080074bc                UART_SetConfig
 .text.UART_AdvFeatureConfig
                0x080077b8      0x144 ./Drivers/STM32H5xx_HAL_Driver/Src/stm32h5xx_hal_uart.o
                0x080077b8                UART_AdvFeatureConfig
 .text.UART_CheckIdleState
                0x080078fc      0x154 ./Drivers/STM32H5xx_HAL_Driver/Src/stm32h5xx_hal_uart.o
                0x080078fc                UART_CheckIdleState
 .text.UART_WaitOnFlagUntilTimeout
                0x08007a50       0xda ./Drivers/STM32H5xx_HAL_Driver/Src/stm32h5xx_hal_uart.o
                0x08007a50                UART_WaitOnFlagUntilTimeout
 .text.UART_EndRxTransfer
                0x08007b2a       0xcc ./Drivers/STM32H5xx_HAL_Driver/Src/stm32h5xx_hal_uart.o
 .text.HAL_UARTEx_DisableFifoMode
                0x08007bf6       0x72 ./Drivers/STM32H5xx_HAL_Driver/Src/stm32h5xx_hal_uart_ex.o
                0x08007bf6                HAL_UARTEx_DisableFifoMode
 .text.HAL_UARTEx_SetTxFifoThreshold
                0x08007c68       0x7c ./Drivers/STM32H5xx_HAL_Driver/Src/stm32h5xx_hal_uart_ex.o
                0x08007c68                HAL_UARTEx_SetTxFifoThreshold
 .text.HAL_UARTEx_SetRxFifoThreshold
                0x08007ce4       0x7c ./Drivers/STM32H5xx_HAL_Driver/Src/stm32h5xx_hal_uart_ex.o
                0x08007ce4                HAL_UARTEx_SetRxFifoThreshold
 .text.UARTEx_SetNbDataToProcess
                0x08007d60       0x9c ./Drivers/STM32H5xx_HAL_Driver/Src/stm32h5xx_hal_uart_ex.o
 .text.__NVIC_SetPriority
                0x08007dfc       0x54 ./Middlewares/Third_Party/FreeRTOS/Source/CMSIS_RTOS_V2/cmsis_os2.o
 .text.SysTick_Handler
                0x08007e50       0x20 ./Middlewares/Third_Party/FreeRTOS/Source/CMSIS_RTOS_V2/cmsis_os2.o
                0x08007e50                SysTick_Handler
 .text.SVC_Setup
                0x08007e70       0x12 ./Middlewares/Third_Party/FreeRTOS/Source/CMSIS_RTOS_V2/cmsis_os2.o
 .text.IRQ_Context
                0x08007e82       0x4e ./Middlewares/Third_Party/FreeRTOS/Source/CMSIS_RTOS_V2/cmsis_os2.o
 .text.osKernelInitialize
                0x08007ed0       0x4c ./Middlewares/Third_Party/FreeRTOS/Source/CMSIS_RTOS_V2/cmsis_os2.o
                0x08007ed0                osKernelInitialize
 .text.osKernelStart
                0x08007f1c       0x54 ./Middlewares/Third_Party/FreeRTOS/Source/CMSIS_RTOS_V2/cmsis_os2.o
                0x08007f1c                osKernelStart
 .text.osKernelGetTickCount
                0x08007f70       0x28 ./Middlewares/Third_Party/FreeRTOS/Source/CMSIS_RTOS_V2/cmsis_os2.o
                0x08007f70                osKernelGetTickCount
 .text.osThreadNew
                0x08007f98      0x124 ./Middlewares/Third_Party/FreeRTOS/Source/CMSIS_RTOS_V2/cmsis_os2.o
                0x08007f98                osThreadNew
 .text.osDelay  0x080080bc       0x34 ./Middlewares/Third_Party/FreeRTOS/Source/CMSIS_RTOS_V2/cmsis_os2.o
                0x080080bc                osDelay
 .text.vApplicationGetIdleTaskMemory
                0x080080f0       0x34 ./Middlewares/Third_Party/FreeRTOS/Source/CMSIS_RTOS_V2/cmsis_os2.o
                0x080080f0                vApplicationGetIdleTaskMemory
 .text.vApplicationGetTimerTaskMemory
                0x08008124       0x34 ./Middlewares/Third_Party/FreeRTOS/Source/CMSIS_RTOS_V2/cmsis_os2.o
                0x08008124                vApplicationGetTimerTaskMemory
 .text.vListInitialise
                0x08008158       0x40 ./Middlewares/Third_Party/FreeRTOS/Source/list.o
                0x08008158                vListInitialise
 .text.vListInitialiseItem
                0x08008198       0x1a ./Middlewares/Third_Party/FreeRTOS/Source/list.o
                0x08008198                vListInitialiseItem
 .text.vListInsert
                0x080081b2       0x72 ./Middlewares/Third_Party/FreeRTOS/Source/list.o
                0x080081b2                vListInsert
 .text.uxListRemove
                0x08008224       0x54 ./Middlewares/Third_Party/FreeRTOS/Source/list.o
                0x08008224                uxListRemove
 .text.xQueueGenericReset
                0x08008278       0xf2 ./Middlewares/Third_Party/FreeRTOS/Source/queue.o
                0x08008278                xQueueGenericReset
 .text.xQueueGenericCreateStatic
                0x0800836a       0x92 ./Middlewares/Third_Party/FreeRTOS/Source/queue.o
                0x0800836a                xQueueGenericCreateStatic
 .text.prvInitialiseNewQueue
                0x080083fc       0x46 ./Middlewares/Third_Party/FreeRTOS/Source/queue.o
 .text.xQueueReceive
                0x08008442      0x178 ./Middlewares/Third_Party/FreeRTOS/Source/queue.o
                0x08008442                xQueueReceive
 .text.prvCopyDataFromQueue
                0x080085ba       0x4c ./Middlewares/Third_Party/FreeRTOS/Source/queue.o
 .text.prvUnlockQueue
                0x08008606       0xa4 ./Middlewares/Third_Party/FreeRTOS/Source/queue.o
 .text.prvIsQueueEmpty
                0x080086aa       0x2c ./Middlewares/Third_Party/FreeRTOS/Source/queue.o
 *fill*         0x080086d6        0x2 
 .text.vQueueAddToRegistry
                0x080086d8       0x8c ./Middlewares/Third_Party/FreeRTOS/Source/queue.o
                0x080086d8                vQueueAddToRegistry
 .text.vQueueWaitForMessageRestricted
                0x08008764       0x68 ./Middlewares/Third_Party/FreeRTOS/Source/queue.o
                0x08008764                vQueueWaitForMessageRestricted
 .text.xTaskCreateStatic
                0x080087cc       0x9a ./Middlewares/Third_Party/FreeRTOS/Source/tasks.o
                0x080087cc                xTaskCreateStatic
 .text.xTaskCreate
                0x08008866       0x94 ./Middlewares/Third_Party/FreeRTOS/Source/tasks.o
                0x08008866                xTaskCreate
 .text.prvInitialiseNewTask
                0x080088fa      0x104 ./Middlewares/Third_Party/FreeRTOS/Source/tasks.o
 *fill*         0x080089fe        0x2 
 .text.prvAddNewTaskToReadyList
                0x08008a00      0x120 ./Middlewares/Third_Party/FreeRTOS/Source/tasks.o
 .text.vTaskDelay
                0x08008b20       0x4c ./Middlewares/Third_Party/FreeRTOS/Source/tasks.o
                0x08008b20                vTaskDelay
 .text.vTaskStartScheduler
                0x08008b6c       0xb8 ./Middlewares/Third_Party/FreeRTOS/Source/tasks.o
                0x08008b6c                vTaskStartScheduler
 .text.vTaskSuspendAll
                0x08008c24       0x1c ./Middlewares/Third_Party/FreeRTOS/Source/tasks.o
                0x08008c24                vTaskSuspendAll
 .text.xTaskResumeAll
                0x08008c40      0x1dc ./Middlewares/Third_Party/FreeRTOS/Source/tasks.o
                0x08008c40                xTaskResumeAll
 .text.xTaskGetTickCount
                0x08008e1c       0x20 ./Middlewares/Third_Party/FreeRTOS/Source/tasks.o
                0x08008e1c                xTaskGetTickCount
 .text.xTaskGetTickCountFromISR
                0x08008e3c       0x24 ./Middlewares/Third_Party/FreeRTOS/Source/tasks.o
                0x08008e3c                xTaskGetTickCountFromISR
 .text.xTaskIncrementTick
                0x08008e60      0x220 ./Middlewares/Third_Party/FreeRTOS/Source/tasks.o
                0x08008e60                xTaskIncrementTick
 .text.vTaskSwitchContext
                0x08009080       0xa8 ./Middlewares/Third_Party/FreeRTOS/Source/tasks.o
                0x08009080                vTaskSwitchContext
 .text.vTaskPlaceOnEventList
                0x08009128       0x3c ./Middlewares/Third_Party/FreeRTOS/Source/tasks.o
                0x08009128                vTaskPlaceOnEventList
 .text.vTaskPlaceOnEventListRestricted
                0x08009164       0x7c ./Middlewares/Third_Party/FreeRTOS/Source/tasks.o
                0x08009164                vTaskPlaceOnEventListRestricted
 .text.xTaskRemoveFromEventList
                0x080091e0      0x19c ./Middlewares/Third_Party/FreeRTOS/Source/tasks.o
                0x080091e0                xTaskRemoveFromEventList
 .text.vTaskInternalSetTimeOutState
                0x0800937c       0x2c ./Middlewares/Third_Party/FreeRTOS/Source/tasks.o
                0x0800937c                vTaskInternalSetTimeOutState
 .text.xTaskCheckForTimeOut
                0x080093a8       0xb0 ./Middlewares/Third_Party/FreeRTOS/Source/tasks.o
                0x080093a8                xTaskCheckForTimeOut
 .text.vTaskMissedYield
                0x08009458       0x18 ./Middlewares/Third_Party/FreeRTOS/Source/tasks.o
                0x08009458                vTaskMissedYield
 .text.prvIdleTask
                0x08009470       0x20 ./Middlewares/Third_Party/FreeRTOS/Source/tasks.o
 .text.prvInitialiseTaskLists
                0x08009490       0x80 ./Middlewares/Third_Party/FreeRTOS/Source/tasks.o
 .text.prvCheckTasksWaitingTermination
                0x08009510       0x5c ./Middlewares/Third_Party/FreeRTOS/Source/tasks.o
 .text.prvDeleteTCB
                0x0800956c       0x50 ./Middlewares/Third_Party/FreeRTOS/Source/tasks.o
 .text.prvResetNextTaskUnblockTime
                0x080095bc       0x38 ./Middlewares/Third_Party/FreeRTOS/Source/tasks.o
 .text.xTaskGetSchedulerState
                0x080095f4       0x3c ./Middlewares/Third_Party/FreeRTOS/Source/tasks.o
                0x080095f4                xTaskGetSchedulerState
 .text.prvAddCurrentTaskToDelayedList
                0x08009630       0xdc ./Middlewares/Third_Party/FreeRTOS/Source/tasks.o
 .text.xTimerCreateTimerTask
                0x0800970c       0x80 ./Middlewares/Third_Party/FreeRTOS/Source/timers.o
                0x0800970c                xTimerCreateTimerTask
 .text.prvReloadTimer
                0x0800978c       0x42 ./Middlewares/Third_Party/FreeRTOS/Source/timers.o
 *fill*         0x080097ce        0x2 
 .text.prvProcessExpiredTimer
                0x080097d0       0x60 ./Middlewares/Third_Party/FreeRTOS/Source/timers.o
 .text.prvTimerTask
                0x08009830       0x26 ./Middlewares/Third_Party/FreeRTOS/Source/timers.o
 *fill*         0x08009856        0x2 
 .text.prvProcessTimerOrBlockTask
                0x08009858       0x8c ./Middlewares/Third_Party/FreeRTOS/Source/timers.o
 .text.prvGetNextExpireTime
                0x080098e4       0x48 ./Middlewares/Third_Party/FreeRTOS/Source/timers.o
 .text.prvSampleTimeNow
                0x0800992c       0x40 ./Middlewares/Third_Party/FreeRTOS/Source/timers.o
 .text.prvInsertTimerInActiveList
                0x0800996c       0x84 ./Middlewares/Third_Party/FreeRTOS/Source/timers.o
 .text.prvProcessReceivedCommands
                0x080099f0      0x19c ./Middlewares/Third_Party/FreeRTOS/Source/timers.o
 .text.prvSwitchTimerLists
                0x08009b8c       0x4c ./Middlewares/Third_Party/FreeRTOS/Source/timers.o
 .text.prvCheckForValidListAndQueue
                0x08009bd8       0x80 ./Middlewares/Third_Party/FreeRTOS/Source/timers.o
 .text.vPortSetupTimerInterrupt
                0x08009c58       0x48 ./Middlewares/Third_Party/FreeRTOS/Source/portable/GCC/ARM_CM33_NTZ/non_secure/port.o
                0x08009c58                vPortSetupTimerInterrupt
 .text.prvTaskExitError
                0x08009ca0       0x38 ./Middlewares/Third_Party/FreeRTOS/Source/portable/GCC/ARM_CM33_NTZ/non_secure/port.o
 .text.vPortYield
                0x08009cd8       0x24 ./Middlewares/Third_Party/FreeRTOS/Source/portable/GCC/ARM_CM33_NTZ/non_secure/port.o
                0x08009cd8                vPortYield
 .text.vPortEnterCritical
                0x08009cfc       0x24 ./Middlewares/Third_Party/FreeRTOS/Source/portable/GCC/ARM_CM33_NTZ/non_secure/port.o
                0x08009cfc                vPortEnterCritical
 .text.vPortExitCritical
                0x08009d20       0x34 ./Middlewares/Third_Party/FreeRTOS/Source/portable/GCC/ARM_CM33_NTZ/non_secure/port.o
                0x08009d20                vPortExitCritical
 .text.xPortSysTickHandler
                0x08009d54       0x30 ./Middlewares/Third_Party/FreeRTOS/Source/portable/GCC/ARM_CM33_NTZ/non_secure/port.o
                0x08009d54                xPortSysTickHandler
 .text.vPortSVCHandler_C
                0x08009d84       0x32 ./Middlewares/Third_Party/FreeRTOS/Source/portable/GCC/ARM_CM33_NTZ/non_secure/port.o
                0x08009d84                vPortSVCHandler_C
 *fill*         0x08009db6        0x2 
 .text.pxPortInitialiseStack
                0x08009db8      0x114 ./Middlewares/Third_Party/FreeRTOS/Source/portable/GCC/ARM_CM33_NTZ/non_secure/port.o
                0x08009db8                pxPortInitialiseStack
 .text.xPortStartScheduler
                0x08009ecc       0xf4 ./Middlewares/Third_Party/FreeRTOS/Source/portable/GCC/ARM_CM33_NTZ/non_secure/port.o
                0x08009ecc                xPortStartScheduler
 .text.vPortValidateInterruptPriority
                0x08009fc0       0x60 ./Middlewares/Third_Party/FreeRTOS/Source/portable/GCC/ARM_CM33_NTZ/non_secure/port.o
                0x08009fc0                vPortValidateInterruptPriority
 .text.vRestoreContextOfFirstTask
                0x0800a020       0x38 ./Middlewares/Third_Party/FreeRTOS/Source/portable/GCC/ARM_CM33_NTZ/non_secure/portasm.o
                0x0800a020                vRestoreContextOfFirstTask
 *fill*         0x0800a058        0x8 
 .text.vStartFirstTask
                0x0800a060       0x28 ./Middlewares/Third_Party/FreeRTOS/Source/portable/GCC/ARM_CM33_NTZ/non_secure/portasm.o
                0x0800a060                vStartFirstTask
 .text.ulSetInterruptMask
                0x0800a088       0x1a ./Middlewares/Third_Party/FreeRTOS/Source/portable/GCC/ARM_CM33_NTZ/non_secure/portasm.o
                0x0800a088                ulSetInterruptMask
 .text.vClearInterruptMask
                0x0800a0a2       0x10 ./Middlewares/Third_Party/FreeRTOS/Source/portable/GCC/ARM_CM33_NTZ/non_secure/portasm.o
                0x0800a0a2                vClearInterruptMask
 *fill*         0x0800a0b2        0xe 
 .text.PendSV_Handler
                0x0800a0c0       0x58 ./Middlewares/Third_Party/FreeRTOS/Source/portable/GCC/ARM_CM33_NTZ/non_secure/portasm.o
                0x0800a0c0                PendSV_Handler
 *fill*         0x0800a118        0x8 
 .text.SVC_Handler
                0x0800a120       0x28 ./Middlewares/Third_Party/FreeRTOS/Source/portable/GCC/ARM_CM33_NTZ/non_secure/portasm.o
                0x0800a120                SVC_Handler
 .text.pvPortMalloc
                0x0800a148       0xa4 ./Middlewares/Third_Party/FreeRTOS/Source/portable/MemMang/heap_1.o
                0x0800a148                pvPortMalloc
 .text.vPortFree
                0x0800a1ec       0x1e ./Middlewares/Third_Party/FreeRTOS/Source/portable/MemMang/heap_1.o
                0x0800a1ec                vPortFree
 .text.__cvt    0x0800a20a       0xca C:/Users/sarak/TEC/5_SEMESTRE/STMCubeIDE/STM32CubeIDE/plugins/com.st.stm32cube.ide.mcu.externaltools.gnu-tools-for-stm32.13.3.rel1.win32_1.0.0.202411081344/tools/bin/../lib/gcc/arm-none-eabi/13.3.1/../../../../arm-none-eabi/lib/thumb/v8-m.main+fp/hard\libc_nano.a(libc_a-nano-vfprintf_float.o)
                0x0800a20a                __cvt
 .text.__exponent
                0x0800a2d4       0x72 C:/Users/sarak/TEC/5_SEMESTRE/STMCubeIDE/STM32CubeIDE/plugins/com.st.stm32cube.ide.mcu.externaltools.gnu-tools-for-stm32.13.3.rel1.win32_1.0.0.202411081344/tools/bin/../lib/gcc/arm-none-eabi/13.3.1/../../../../arm-none-eabi/lib/thumb/v8-m.main+fp/hard\libc_nano.a(libc_a-nano-vfprintf_float.o)
                0x0800a2d4                __exponent
 *fill*         0x0800a346        0x2 
 .text._printf_float
                0x0800a348      0x454 C:/Users/sarak/TEC/5_SEMESTRE/STMCubeIDE/STM32CubeIDE/plugins/com.st.stm32cube.ide.mcu.externaltools.gnu-tools-for-stm32.13.3.rel1.win32_1.0.0.202411081344/tools/bin/../lib/gcc/arm-none-eabi/13.3.1/../../../../arm-none-eabi/lib/thumb/v8-m.main+fp/hard\libc_nano.a(libc_a-nano-vfprintf_float.o)
                0x0800a348                _printf_float
 .text._printf_common
                0x0800a79c       0xe4 C:/Users/sarak/TEC/5_SEMESTRE/STMCubeIDE/STM32CubeIDE/plugins/com.st.stm32cube.ide.mcu.externaltools.gnu-tools-for-stm32.13.3.rel1.win32_1.0.0.202411081344/tools/bin/../lib/gcc/arm-none-eabi/13.3.1/../../../../arm-none-eabi/lib/thumb/v8-m.main+fp/hard\libc_nano.a(libc_a-nano-vfprintf_i.o)
                0x0800a79c                _printf_common
 .text._printf_i
                0x0800a880      0x23c C:/Users/sarak/TEC/5_SEMESTRE/STMCubeIDE/STM32CubeIDE/plugins/com.st.stm32cube.ide.mcu.externaltools.gnu-tools-for-stm32.13.3.rel1.win32_1.0.0.202411081344/tools/bin/../lib/gcc/arm-none-eabi/13.3.1/../../../../arm-none-eabi/lib/thumb/v8-m.main+fp/hard\libc_nano.a(libc_a-nano-vfprintf_i.o)
                0x0800a880                _printf_i
 .text.std      0x0800aabc       0x6c C:/Users/sarak/TEC/5_SEMESTRE/STMCubeIDE/STM32CubeIDE/plugins/com.st.stm32cube.ide.mcu.externaltools.gnu-tools-for-stm32.13.3.rel1.win32_1.0.0.202411081344/tools/bin/../lib/gcc/arm-none-eabi/13.3.1/../../../../arm-none-eabi/lib/thumb/v8-m.main+fp/hard\libc_nano.a(libc_a-findfp.o)
 .text.stdio_exit_handler
                0x0800ab28       0x18 C:/Users/sarak/TEC/5_SEMESTRE/STMCubeIDE/STM32CubeIDE/plugins/com.st.stm32cube.ide.mcu.externaltools.gnu-tools-for-stm32.13.3.rel1.win32_1.0.0.202411081344/tools/bin/../lib/gcc/arm-none-eabi/13.3.1/../../../../arm-none-eabi/lib/thumb/v8-m.main+fp/hard\libc_nano.a(libc_a-findfp.o)
 .text.cleanup_stdio
                0x0800ab40       0x40 C:/Users/sarak/TEC/5_SEMESTRE/STMCubeIDE/STM32CubeIDE/plugins/com.st.stm32cube.ide.mcu.externaltools.gnu-tools-for-stm32.13.3.rel1.win32_1.0.0.202411081344/tools/bin/../lib/gcc/arm-none-eabi/13.3.1/../../../../arm-none-eabi/lib/thumb/v8-m.main+fp/hard\libc_nano.a(libc_a-findfp.o)
 .text.global_stdio_init.part.0
                0x0800ab80       0x3c C:/Users/sarak/TEC/5_SEMESTRE/STMCubeIDE/STM32CubeIDE/plugins/com.st.stm32cube.ide.mcu.externaltools.gnu-tools-for-stm32.13.3.rel1.win32_1.0.0.202411081344/tools/bin/../lib/gcc/arm-none-eabi/13.3.1/../../../../arm-none-eabi/lib/thumb/v8-m.main+fp/hard\libc_nano.a(libc_a-findfp.o)
 .text.__sfp_lock_acquire
                0x0800abbc        0xc C:/Users/sarak/TEC/5_SEMESTRE/STMCubeIDE/STM32CubeIDE/plugins/com.st.stm32cube.ide.mcu.externaltools.gnu-tools-for-stm32.13.3.rel1.win32_1.0.0.202411081344/tools/bin/../lib/gcc/arm-none-eabi/13.3.1/../../../../arm-none-eabi/lib/thumb/v8-m.main+fp/hard\libc_nano.a(libc_a-findfp.o)
                0x0800abbc                __sfp_lock_acquire
 .text.__sfp_lock_release
                0x0800abc8        0xc C:/Users/sarak/TEC/5_SEMESTRE/STMCubeIDE/STM32CubeIDE/plugins/com.st.stm32cube.ide.mcu.externaltools.gnu-tools-for-stm32.13.3.rel1.win32_1.0.0.202411081344/tools/bin/../lib/gcc/arm-none-eabi/13.3.1/../../../../arm-none-eabi/lib/thumb/v8-m.main+fp/hard\libc_nano.a(libc_a-findfp.o)
                0x0800abc8                __sfp_lock_release
 .text.__sinit  0x0800abd4       0x30 C:/Users/sarak/TEC/5_SEMESTRE/STMCubeIDE/STM32CubeIDE/plugins/com.st.stm32cube.ide.mcu.externaltools.gnu-tools-for-stm32.13.3.rel1.win32_1.0.0.202411081344/tools/bin/../lib/gcc/arm-none-eabi/13.3.1/../../../../arm-none-eabi/lib/thumb/v8-m.main+fp/hard\libc_nano.a(libc_a-findfp.o)
                0x0800abd4                __sinit
 .text._fwalk_sglue
                0x0800ac04       0x3c C:/Users/sarak/TEC/5_SEMESTRE/STMCubeIDE/STM32CubeIDE/plugins/com.st.stm32cube.ide.mcu.externaltools.gnu-tools-for-stm32.13.3.rel1.win32_1.0.0.202411081344/tools/bin/../lib/gcc/arm-none-eabi/13.3.1/../../../../arm-none-eabi/lib/thumb/v8-m.main+fp/hard\libc_nano.a(libc_a-fwalk.o)
                0x0800ac04                _fwalk_sglue
 .text.snprintf
                0x0800ac40       0x6c C:/Users/sarak/TEC/5_SEMESTRE/STMCubeIDE/STM32CubeIDE/plugins/com.st.stm32cube.ide.mcu.externaltools.gnu-tools-for-stm32.13.3.rel1.win32_1.0.0.202411081344/tools/bin/../lib/gcc/arm-none-eabi/13.3.1/../../../../arm-none-eabi/lib/thumb/v8-m.main+fp/hard\libc_nano.a(libc_a-snprintf.o)
                0x0800ac40                sniprintf
                0x0800ac40                snprintf
 .text.__sread  0x0800acac       0x22 C:/Users/sarak/TEC/5_SEMESTRE/STMCubeIDE/STM32CubeIDE/plugins/com.st.stm32cube.ide.mcu.externaltools.gnu-tools-for-stm32.13.3.rel1.win32_1.0.0.202411081344/tools/bin/../lib/gcc/arm-none-eabi/13.3.1/../../../../arm-none-eabi/lib/thumb/v8-m.main+fp/hard\libc_nano.a(libc_a-stdio.o)
                0x0800acac                __sread
 .text.__swrite
                0x0800acce       0x38 C:/Users/sarak/TEC/5_SEMESTRE/STMCubeIDE/STM32CubeIDE/plugins/com.st.stm32cube.ide.mcu.externaltools.gnu-tools-for-stm32.13.3.rel1.win32_1.0.0.202411081344/tools/bin/../lib/gcc/arm-none-eabi/13.3.1/../../../../arm-none-eabi/lib/thumb/v8-m.main+fp/hard\libc_nano.a(libc_a-stdio.o)
                0x0800acce                __swrite
 .text.__sseek  0x0800ad06       0x24 C:/Users/sarak/TEC/5_SEMESTRE/STMCubeIDE/STM32CubeIDE/plugins/com.st.stm32cube.ide.mcu.externaltools.gnu-tools-for-stm32.13.3.rel1.win32_1.0.0.202411081344/tools/bin/../lib/gcc/arm-none-eabi/13.3.1/../../../../arm-none-eabi/lib/thumb/v8-m.main+fp/hard\libc_nano.a(libc_a-stdio.o)
                0x0800ad06                __sseek
 .text.__sclose
                0x0800ad2a        0x8 C:/Users/sarak/TEC/5_SEMESTRE/STMCubeIDE/STM32CubeIDE/plugins/com.st.stm32cube.ide.mcu.externaltools.gnu-tools-for-stm32.13.3.rel1.win32_1.0.0.202411081344/tools/bin/../lib/gcc/arm-none-eabi/13.3.1/../../../../arm-none-eabi/lib/thumb/v8-m.main+fp/hard\libc_nano.a(libc_a-stdio.o)
                0x0800ad2a                __sclose
 .text.memset   0x0800ad32       0x10 C:/Users/sarak/TEC/5_SEMESTRE/STMCubeIDE/STM32CubeIDE/plugins/com.st.stm32cube.ide.mcu.externaltools.gnu-tools-for-stm32.13.3.rel1.win32_1.0.0.202411081344/tools/bin/../lib/gcc/arm-none-eabi/13.3.1/../../../../arm-none-eabi/lib/thumb/v8-m.main+fp/hard\libc_nano.a(libc_a-memset.o)
                0x0800ad32                memset
 *fill*         0x0800ad42        0x2 
 .text._localeconv_r
                0x0800ad44        0x8 C:/Users/sarak/TEC/5_SEMESTRE/STMCubeIDE/STM32CubeIDE/plugins/com.st.stm32cube.ide.mcu.externaltools.gnu-tools-for-stm32.13.3.rel1.win32_1.0.0.202411081344/tools/bin/../lib/gcc/arm-none-eabi/13.3.1/../../../../arm-none-eabi/lib/thumb/v8-m.main+fp/hard\libc_nano.a(libc_a-localeconv.o)
                0x0800ad44                _localeconv_r
 .text._close_r
                0x0800ad4c       0x20 C:/Users/sarak/TEC/5_SEMESTRE/STMCubeIDE/STM32CubeIDE/plugins/com.st.stm32cube.ide.mcu.externaltools.gnu-tools-for-stm32.13.3.rel1.win32_1.0.0.202411081344/tools/bin/../lib/gcc/arm-none-eabi/13.3.1/../../../../arm-none-eabi/lib/thumb/v8-m.main+fp/hard\libc_nano.a(libc_a-closer.o)
                0x0800ad4c                _close_r
 .text._lseek_r
                0x0800ad6c       0x24 C:/Users/sarak/TEC/5_SEMESTRE/STMCubeIDE/STM32CubeIDE/plugins/com.st.stm32cube.ide.mcu.externaltools.gnu-tools-for-stm32.13.3.rel1.win32_1.0.0.202411081344/tools/bin/../lib/gcc/arm-none-eabi/13.3.1/../../../../arm-none-eabi/lib/thumb/v8-m.main+fp/hard\libc_nano.a(libc_a-lseekr.o)
                0x0800ad6c                _lseek_r
 .text._read_r  0x0800ad90       0x24 C:/Users/sarak/TEC/5_SEMESTRE/STMCubeIDE/STM32CubeIDE/plugins/com.st.stm32cube.ide.mcu.externaltools.gnu-tools-for-stm32.13.3.rel1.win32_1.0.0.202411081344/tools/bin/../lib/gcc/arm-none-eabi/13.3.1/../../../../arm-none-eabi/lib/thumb/v8-m.main+fp/hard\libc_nano.a(libc_a-readr.o)
                0x0800ad90                _read_r
 .text._write_r
                0x0800adb4       0x24 C:/Users/sarak/TEC/5_SEMESTRE/STMCubeIDE/STM32CubeIDE/plugins/com.st.stm32cube.ide.mcu.externaltools.gnu-tools-for-stm32.13.3.rel1.win32_1.0.0.202411081344/tools/bin/../lib/gcc/arm-none-eabi/13.3.1/../../../../arm-none-eabi/lib/thumb/v8-m.main+fp/hard\libc_nano.a(libc_a-writer.o)
                0x0800adb4                _write_r
 .text.__errno  0x0800add8        0xc C:/Users/sarak/TEC/5_SEMESTRE/STMCubeIDE/STM32CubeIDE/plugins/com.st.stm32cube.ide.mcu.externaltools.gnu-tools-for-stm32.13.3.rel1.win32_1.0.0.202411081344/tools/bin/../lib/gcc/arm-none-eabi/13.3.1/../../../../arm-none-eabi/lib/thumb/v8-m.main+fp/hard\libc_nano.a(libc_a-errno.o)
                0x0800add8                __errno
 .text.__libc_init_array
                0x0800ade4       0x48 C:/Users/sarak/TEC/5_SEMESTRE/STMCubeIDE/STM32CubeIDE/plugins/com.st.stm32cube.ide.mcu.externaltools.gnu-tools-for-stm32.13.3.rel1.win32_1.0.0.202411081344/tools/bin/../lib/gcc/arm-none-eabi/13.3.1/../../../../arm-none-eabi/lib/thumb/v8-m.main+fp/hard\libc_nano.a(libc_a-init.o)
                0x0800ade4                __libc_init_array
 .text.__retarget_lock_init_recursive
                0x0800ae2c        0x2 C:/Users/sarak/TEC/5_SEMESTRE/STMCubeIDE/STM32CubeIDE/plugins/com.st.stm32cube.ide.mcu.externaltools.gnu-tools-for-stm32.13.3.rel1.win32_1.0.0.202411081344/tools/bin/../lib/gcc/arm-none-eabi/13.3.1/../../../../arm-none-eabi/lib/thumb/v8-m.main+fp/hard\libc_nano.a(libc_a-lock.o)
                0x0800ae2c                __retarget_lock_init_recursive
 .text.__retarget_lock_acquire_recursive
                0x0800ae2e        0x2 C:/Users/sarak/TEC/5_SEMESTRE/STMCubeIDE/STM32CubeIDE/plugins/com.st.stm32cube.ide.mcu.externaltools.gnu-tools-for-stm32.13.3.rel1.win32_1.0.0.202411081344/tools/bin/../lib/gcc/arm-none-eabi/13.3.1/../../../../arm-none-eabi/lib/thumb/v8-m.main+fp/hard\libc_nano.a(libc_a-lock.o)
                0x0800ae2e                __retarget_lock_acquire_recursive
 .text.__retarget_lock_release_recursive
                0x0800ae30        0x2 C:/Users/sarak/TEC/5_SEMESTRE/STMCubeIDE/STM32CubeIDE/plugins/com.st.stm32cube.ide.mcu.externaltools.gnu-tools-for-stm32.13.3.rel1.win32_1.0.0.202411081344/tools/bin/../lib/gcc/arm-none-eabi/13.3.1/../../../../arm-none-eabi/lib/thumb/v8-m.main+fp/hard\libc_nano.a(libc_a-lock.o)
                0x0800ae30                __retarget_lock_release_recursive
 .text.memchr   0x0800ae32       0x1c C:/Users/sarak/TEC/5_SEMESTRE/STMCubeIDE/STM32CubeIDE/plugins/com.st.stm32cube.ide.mcu.externaltools.gnu-tools-for-stm32.13.3.rel1.win32_1.0.0.202411081344/tools/bin/../lib/gcc/arm-none-eabi/13.3.1/../../../../arm-none-eabi/lib/thumb/v8-m.main+fp/hard\libc_nano.a(libc_a-memchr-stub.o)
                0x0800ae32                memchr
 .text.memcpy   0x0800ae4e       0x1a C:/Users/sarak/TEC/5_SEMESTRE/STMCubeIDE/STM32CubeIDE/plugins/com.st.stm32cube.ide.mcu.externaltools.gnu-tools-for-stm32.13.3.rel1.win32_1.0.0.202411081344/tools/bin/../lib/gcc/arm-none-eabi/13.3.1/../../../../arm-none-eabi/lib/thumb/v8-m.main+fp/hard\libc_nano.a(libc_a-memcpy-stub.o)
                0x0800ae4e                memcpy
 .text.quorem   0x0800ae68      0x11a C:/Users/sarak/TEC/5_SEMESTRE/STMCubeIDE/STM32CubeIDE/plugins/com.st.stm32cube.ide.mcu.externaltools.gnu-tools-for-stm32.13.3.rel1.win32_1.0.0.202411081344/tools/bin/../lib/gcc/arm-none-eabi/13.3.1/../../../../arm-none-eabi/lib/thumb/v8-m.main+fp/hard\libc_nano.a(libc_a-dtoa.o)
 *fill*         0x0800af82        0x6 
 .text._dtoa_r  0x0800af88      0xba4 C:/Users/sarak/TEC/5_SEMESTRE/STMCubeIDE/STM32CubeIDE/plugins/com.st.stm32cube.ide.mcu.externaltools.gnu-tools-for-stm32.13.3.rel1.win32_1.0.0.202411081344/tools/bin/../lib/gcc/arm-none-eabi/13.3.1/../../../../arm-none-eabi/lib/thumb/v8-m.main+fp/hard\libc_nano.a(libc_a-dtoa.o)
                0x0800af88                _dtoa_r
 .text._free_r  0x0800bb2c       0x94 C:/Users/sarak/TEC/5_SEMESTRE/STMCubeIDE/STM32CubeIDE/plugins/com.st.stm32cube.ide.mcu.externaltools.gnu-tools-for-stm32.13.3.rel1.win32_1.0.0.202411081344/tools/bin/../lib/gcc/arm-none-eabi/13.3.1/../../../../arm-none-eabi/lib/thumb/v8-m.main+fp/hard\libc_nano.a(libc_a-freer.o)
                0x0800bb2c                _free_r
 .text.malloc   0x0800bbc0       0x10 C:/Users/sarak/TEC/5_SEMESTRE/STMCubeIDE/STM32CubeIDE/plugins/com.st.stm32cube.ide.mcu.externaltools.gnu-tools-for-stm32.13.3.rel1.win32_1.0.0.202411081344/tools/bin/../lib/gcc/arm-none-eabi/13.3.1/../../../../arm-none-eabi/lib/thumb/v8-m.main+fp/hard\libc_nano.a(libc_a-malloc.o)
                0x0800bbc0                malloc
 .text.sbrk_aligned
                0x0800bbd0       0x44 C:/Users/sarak/TEC/5_SEMESTRE/STMCubeIDE/STM32CubeIDE/plugins/com.st.stm32cube.ide.mcu.externaltools.gnu-tools-for-stm32.13.3.rel1.win32_1.0.0.202411081344/tools/bin/../lib/gcc/arm-none-eabi/13.3.1/../../../../arm-none-eabi/lib/thumb/v8-m.main+fp/hard\libc_nano.a(libc_a-mallocr.o)
 .text._malloc_r
                0x0800bc14      0x100 C:/Users/sarak/TEC/5_SEMESTRE/STMCubeIDE/STM32CubeIDE/plugins/com.st.stm32cube.ide.mcu.externaltools.gnu-tools-for-stm32.13.3.rel1.win32_1.0.0.202411081344/tools/bin/../lib/gcc/arm-none-eabi/13.3.1/../../../../arm-none-eabi/lib/thumb/v8-m.main+fp/hard\libc_nano.a(libc_a-mallocr.o)
                0x0800bc14                _malloc_r
 .text.__malloc_lock
                0x0800bd14        0xc C:/Users/sarak/TEC/5_SEMESTRE/STMCubeIDE/STM32CubeIDE/plugins/com.st.stm32cube.ide.mcu.externaltools.gnu-tools-for-stm32.13.3.rel1.win32_1.0.0.202411081344/tools/bin/../lib/gcc/arm-none-eabi/13.3.1/../../../../arm-none-eabi/lib/thumb/v8-m.main+fp/hard\libc_nano.a(libc_a-mlock.o)
                0x0800bd14                __malloc_lock
 .text.__malloc_unlock
                0x0800bd20        0xc C:/Users/sarak/TEC/5_SEMESTRE/STMCubeIDE/STM32CubeIDE/plugins/com.st.stm32cube.ide.mcu.externaltools.gnu-tools-for-stm32.13.3.rel1.win32_1.0.0.202411081344/tools/bin/../lib/gcc/arm-none-eabi/13.3.1/../../../../arm-none-eabi/lib/thumb/v8-m.main+fp/hard\libc_nano.a(libc_a-mlock.o)
                0x0800bd20                __malloc_unlock
 .text._Balloc  0x0800bd2c       0x80 C:/Users/sarak/TEC/5_SEMESTRE/STMCubeIDE/STM32CubeIDE/plugins/com.st.stm32cube.ide.mcu.externaltools.gnu-tools-for-stm32.13.3.rel1.win32_1.0.0.202411081344/tools/bin/../lib/gcc/arm-none-eabi/13.3.1/../../../../arm-none-eabi/lib/thumb/v8-m.main+fp/hard\libc_nano.a(libc_a-mprec.o)
                0x0800bd2c                _Balloc
 .text._Bfree   0x0800bdac       0x44 C:/Users/sarak/TEC/5_SEMESTRE/STMCubeIDE/STM32CubeIDE/plugins/com.st.stm32cube.ide.mcu.externaltools.gnu-tools-for-stm32.13.3.rel1.win32_1.0.0.202411081344/tools/bin/../lib/gcc/arm-none-eabi/13.3.1/../../../../arm-none-eabi/lib/thumb/v8-m.main+fp/hard\libc_nano.a(libc_a-mprec.o)
                0x0800bdac                _Bfree
 .text.__multadd
                0x0800bdf0       0x90 C:/Users/sarak/TEC/5_SEMESTRE/STMCubeIDE/STM32CubeIDE/plugins/com.st.stm32cube.ide.mcu.externaltools.gnu-tools-for-stm32.13.3.rel1.win32_1.0.0.202411081344/tools/bin/../lib/gcc/arm-none-eabi/13.3.1/../../../../arm-none-eabi/lib/thumb/v8-m.main+fp/hard\libc_nano.a(libc_a-mprec.o)
                0x0800bdf0                __multadd
 .text.__hi0bits
                0x0800be80       0x3e C:/Users/sarak/TEC/5_SEMESTRE/STMCubeIDE/STM32CubeIDE/plugins/com.st.stm32cube.ide.mcu.externaltools.gnu-tools-for-stm32.13.3.rel1.win32_1.0.0.202411081344/tools/bin/../lib/gcc/arm-none-eabi/13.3.1/../../../../arm-none-eabi/lib/thumb/v8-m.main+fp/hard\libc_nano.a(libc_a-mprec.o)
                0x0800be80                __hi0bits
 .text.__lo0bits
                0x0800bebe       0x5a C:/Users/sarak/TEC/5_SEMESTRE/STMCubeIDE/STM32CubeIDE/plugins/com.st.stm32cube.ide.mcu.externaltools.gnu-tools-for-stm32.13.3.rel1.win32_1.0.0.202411081344/tools/bin/../lib/gcc/arm-none-eabi/13.3.1/../../../../arm-none-eabi/lib/thumb/v8-m.main+fp/hard\libc_nano.a(libc_a-mprec.o)
                0x0800bebe                __lo0bits
 .text.__i2b    0x0800bf18       0x2c C:/Users/sarak/TEC/5_SEMESTRE/STMCubeIDE/STM32CubeIDE/plugins/com.st.stm32cube.ide.mcu.externaltools.gnu-tools-for-stm32.13.3.rel1.win32_1.0.0.202411081344/tools/bin/../lib/gcc/arm-none-eabi/13.3.1/../../../../arm-none-eabi/lib/thumb/v8-m.main+fp/hard\libc_nano.a(libc_a-mprec.o)
                0x0800bf18                __i2b
 .text.__multiply
                0x0800bf44      0x148 C:/Users/sarak/TEC/5_SEMESTRE/STMCubeIDE/STM32CubeIDE/plugins/com.st.stm32cube.ide.mcu.externaltools.gnu-tools-for-stm32.13.3.rel1.win32_1.0.0.202411081344/tools/bin/../lib/gcc/arm-none-eabi/13.3.1/../../../../arm-none-eabi/lib/thumb/v8-m.main+fp/hard\libc_nano.a(libc_a-mprec.o)
                0x0800bf44                __multiply
 .text.__pow5mult
                0x0800c08c       0xb4 C:/Users/sarak/TEC/5_SEMESTRE/STMCubeIDE/STM32CubeIDE/plugins/com.st.stm32cube.ide.mcu.externaltools.gnu-tools-for-stm32.13.3.rel1.win32_1.0.0.202411081344/tools/bin/../lib/gcc/arm-none-eabi/13.3.1/../../../../arm-none-eabi/lib/thumb/v8-m.main+fp/hard\libc_nano.a(libc_a-mprec.o)
                0x0800c08c                __pow5mult
 .text.__lshift
                0x0800c140       0xd8 C:/Users/sarak/TEC/5_SEMESTRE/STMCubeIDE/STM32CubeIDE/plugins/com.st.stm32cube.ide.mcu.externaltools.gnu-tools-for-stm32.13.3.rel1.win32_1.0.0.202411081344/tools/bin/../lib/gcc/arm-none-eabi/13.3.1/../../../../arm-none-eabi/lib/thumb/v8-m.main+fp/hard\libc_nano.a(libc_a-mprec.o)
                0x0800c140                __lshift
 .text.__mcmp   0x0800c218       0x36 C:/Users/sarak/TEC/5_SEMESTRE/STMCubeIDE/STM32CubeIDE/plugins/com.st.stm32cube.ide.mcu.externaltools.gnu-tools-for-stm32.13.3.rel1.win32_1.0.0.202411081344/tools/bin/../lib/gcc/arm-none-eabi/13.3.1/../../../../arm-none-eabi/lib/thumb/v8-m.main+fp/hard\libc_nano.a(libc_a-mprec.o)
                0x0800c218                __mcmp
 *fill*         0x0800c24e        0x2 
 .text.__mdiff  0x0800c250      0x130 C:/Users/sarak/TEC/5_SEMESTRE/STMCubeIDE/STM32CubeIDE/plugins/com.st.stm32cube.ide.mcu.externaltools.gnu-tools-for-stm32.13.3.rel1.win32_1.0.0.202411081344/tools/bin/../lib/gcc/arm-none-eabi/13.3.1/../../../../arm-none-eabi/lib/thumb/v8-m.main+fp/hard\libc_nano.a(libc_a-mprec.o)
                0x0800c250                __mdiff
 .text.__d2b    0x0800c380       0xb0 C:/Users/sarak/TEC/5_SEMESTRE/STMCubeIDE/STM32CubeIDE/plugins/com.st.stm32cube.ide.mcu.externaltools.gnu-tools-for-stm32.13.3.rel1.win32_1.0.0.202411081344/tools/bin/../lib/gcc/arm-none-eabi/13.3.1/../../../../arm-none-eabi/lib/thumb/v8-m.main+fp/hard\libc_nano.a(libc_a-mprec.o)
                0x0800c380                __d2b
 .text.__ssputs_r
                0x0800c430       0xb6 C:/Users/sarak/TEC/5_SEMESTRE/STMCubeIDE/STM32CubeIDE/plugins/com.st.stm32cube.ide.mcu.externaltools.gnu-tools-for-stm32.13.3.rel1.win32_1.0.0.202411081344/tools/bin/../lib/gcc/arm-none-eabi/13.3.1/../../../../arm-none-eabi/lib/thumb/v8-m.main+fp/hard\libc_nano.a(libc_a-nano-svfprintf.o)
                0x0800c430                __ssputs_r
 *fill*         0x0800c4e6        0x2 
 .text._svfprintf_r
                0x0800c4e8      0x1f8 C:/Users/sarak/TEC/5_SEMESTRE/STMCubeIDE/STM32CubeIDE/plugins/com.st.stm32cube.ide.mcu.externaltools.gnu-tools-for-stm32.13.3.rel1.win32_1.0.0.202411081344/tools/bin/../lib/gcc/arm-none-eabi/13.3.1/../../../../arm-none-eabi/lib/thumb/v8-m.main+fp/hard\libc_nano.a(libc_a-nano-svfprintf.o)
                0x0800c4e8                _svfiprintf_r
                0x0800c4e8                _svfprintf_r
 .text.__sflush_r
                0x0800c6e0      0x108 C:/Users/sarak/TEC/5_SEMESTRE/STMCubeIDE/STM32CubeIDE/plugins/com.st.stm32cube.ide.mcu.externaltools.gnu-tools-for-stm32.13.3.rel1.win32_1.0.0.202411081344/tools/bin/../lib/gcc/arm-none-eabi/13.3.1/../../../../arm-none-eabi/lib/thumb/v8-m.main+fp/hard\libc_nano.a(libc_a-fflush.o)
                0x0800c6e0                __sflush_r
 .text._fflush_r
                0x0800c7e8       0x50 C:/Users/sarak/TEC/5_SEMESTRE/STMCubeIDE/STM32CubeIDE/plugins/com.st.stm32cube.ide.mcu.externaltools.gnu-tools-for-stm32.13.3.rel1.win32_1.0.0.202411081344/tools/bin/../lib/gcc/arm-none-eabi/13.3.1/../../../../arm-none-eabi/lib/thumb/v8-m.main+fp/hard\libc_nano.a(libc_a-fflush.o)
                0x0800c7e8                _fflush_r
 .text.memmove  0x0800c838       0x34 C:/Users/sarak/TEC/5_SEMESTRE/STMCubeIDE/STM32CubeIDE/plugins/com.st.stm32cube.ide.mcu.externaltools.gnu-tools-for-stm32.13.3.rel1.win32_1.0.0.202411081344/tools/bin/../lib/gcc/arm-none-eabi/13.3.1/../../../../arm-none-eabi/lib/thumb/v8-m.main+fp/hard\libc_nano.a(libc_a-memmove.o)
                0x0800c838                memmove
 .text._sbrk_r  0x0800c86c       0x20 C:/Users/sarak/TEC/5_SEMESTRE/STMCubeIDE/STM32CubeIDE/plugins/com.st.stm32cube.ide.mcu.externaltools.gnu-tools-for-stm32.13.3.rel1.win32_1.0.0.202411081344/tools/bin/../lib/gcc/arm-none-eabi/13.3.1/../../../../arm-none-eabi/lib/thumb/v8-m.main+fp/hard\libc_nano.a(libc_a-sbrkr.o)
                0x0800c86c                _sbrk_r
 .text.__assert_func
                0x0800c88c       0x3c C:/Users/sarak/TEC/5_SEMESTRE/STMCubeIDE/STM32CubeIDE/plugins/com.st.stm32cube.ide.mcu.externaltools.gnu-tools-for-stm32.13.3.rel1.win32_1.0.0.202411081344/tools/bin/../lib/gcc/arm-none-eabi/13.3.1/../../../../arm-none-eabi/lib/thumb/v8-m.main+fp/hard\libc_nano.a(libc_a-assert.o)
                0x0800c88c                __assert_func
 .text._calloc_r
                0x0800c8c8       0x28 C:/Users/sarak/TEC/5_SEMESTRE/STMCubeIDE/STM32CubeIDE/plugins/com.st.stm32cube.ide.mcu.externaltools.gnu-tools-for-stm32.13.3.rel1.win32_1.0.0.202411081344/tools/bin/../lib/gcc/arm-none-eabi/13.3.1/../../../../arm-none-eabi/lib/thumb/v8-m.main+fp/hard\libc_nano.a(libc_a-callocr.o)
                0x0800c8c8                _calloc_r
 .text.__ascii_mbtowc
                0x0800c8f0       0x24 C:/Users/sarak/TEC/5_SEMESTRE/STMCubeIDE/STM32CubeIDE/plugins/com.st.stm32cube.ide.mcu.externaltools.gnu-tools-for-stm32.13.3.rel1.win32_1.0.0.202411081344/tools/bin/../lib/gcc/arm-none-eabi/13.3.1/../../../../arm-none-eabi/lib/thumb/v8-m.main+fp/hard\libc_nano.a(libc_a-mbtowc_r.o)
                0x0800c8f0                __ascii_mbtowc
 .text._realloc_r
                0x0800c914       0x5c C:/Users/sarak/TEC/5_SEMESTRE/STMCubeIDE/STM32CubeIDE/plugins/com.st.stm32cube.ide.mcu.externaltools.gnu-tools-for-stm32.13.3.rel1.win32_1.0.0.202411081344/tools/bin/../lib/gcc/arm-none-eabi/13.3.1/../../../../arm-none-eabi/lib/thumb/v8-m.main+fp/hard\libc_nano.a(libc_a-reallocr.o)
                0x0800c914                _realloc_r
 .text.__ascii_wctomb
                0x0800c970       0x1a C:/Users/sarak/TEC/5_SEMESTRE/STMCubeIDE/STM32CubeIDE/plugins/com.st.stm32cube.ide.mcu.externaltools.gnu-tools-for-stm32.13.3.rel1.win32_1.0.0.202411081344/tools/bin/../lib/gcc/arm-none-eabi/13.3.1/../../../../arm-none-eabi/lib/thumb/v8-m.main+fp/hard\libc_nano.a(libc_a-wctomb_r.o)
                0x0800c970                __ascii_wctomb
 *fill*         0x0800c98a        0x2 
 .text.fprintf  0x0800c98c       0x24 C:/Users/sarak/TEC/5_SEMESTRE/STMCubeIDE/STM32CubeIDE/plugins/com.st.stm32cube.ide.mcu.externaltools.gnu-tools-for-stm32.13.3.rel1.win32_1.0.0.202411081344/tools/bin/../lib/gcc/arm-none-eabi/13.3.1/../../../../arm-none-eabi/lib/thumb/v8-m.main+fp/hard\libc_nano.a(libc_a-fprintf.o)
                0x0800c98c                fiprintf
                0x0800c98c                fprintf
 .text.abort    0x0800c9b0        0xe C:/Users/sarak/TEC/5_SEMESTRE/STMCubeIDE/STM32CubeIDE/plugins/com.st.stm32cube.ide.mcu.externaltools.gnu-tools-for-stm32.13.3.rel1.win32_1.0.0.202411081344/tools/bin/../lib/gcc/arm-none-eabi/13.3.1/../../../../arm-none-eabi/lib/thumb/v8-m.main+fp/hard\libc_nano.a(libc_a-abort.o)
                0x0800c9b0                abort
 .text._malloc_usable_size_r
                0x0800c9be       0x10 C:/Users/sarak/TEC/5_SEMESTRE/STMCubeIDE/STM32CubeIDE/plugins/com.st.stm32cube.ide.mcu.externaltools.gnu-tools-for-stm32.13.3.rel1.win32_1.0.0.202411081344/tools/bin/../lib/gcc/arm-none-eabi/13.3.1/../../../../arm-none-eabi/lib/thumb/v8-m.main+fp/hard\libc_nano.a(libc_a-msizer.o)
                0x0800c9be                _malloc_usable_size_r
 .text.__sfputc_r
                0x0800c9ce       0x2e C:/Users/sarak/TEC/5_SEMESTRE/STMCubeIDE/STM32CubeIDE/plugins/com.st.stm32cube.ide.mcu.externaltools.gnu-tools-for-stm32.13.3.rel1.win32_1.0.0.202411081344/tools/bin/../lib/gcc/arm-none-eabi/13.3.1/../../../../arm-none-eabi/lib/thumb/v8-m.main+fp/hard\libc_nano.a(libc_a-nano-vfprintf.o)
 .text.__sfputs_r
                0x0800c9fc       0x24 C:/Users/sarak/TEC/5_SEMESTRE/STMCubeIDE/STM32CubeIDE/plugins/com.st.stm32cube.ide.mcu.externaltools.gnu-tools-for-stm32.13.3.rel1.win32_1.0.0.202411081344/tools/bin/../lib/gcc/arm-none-eabi/13.3.1/../../../../arm-none-eabi/lib/thumb/v8-m.main+fp/hard\libc_nano.a(libc_a-nano-vfprintf.o)
                0x0800c9fc                __sfputs_r
 .text._vfprintf_r
                0x0800ca20      0x230 C:/Users/sarak/TEC/5_SEMESTRE/STMCubeIDE/STM32CubeIDE/plugins/com.st.stm32cube.ide.mcu.externaltools.gnu-tools-for-stm32.13.3.rel1.win32_1.0.0.202411081344/tools/bin/../lib/gcc/arm-none-eabi/13.3.1/../../../../arm-none-eabi/lib/thumb/v8-m.main+fp/hard\libc_nano.a(libc_a-nano-vfprintf.o)
                0x0800ca20                _vfprintf_r
                0x0800ca20                _vfiprintf_r
 .text.__swbuf_r
                0x0800cc50       0x7c C:/Users/sarak/TEC/5_SEMESTRE/STMCubeIDE/STM32CubeIDE/plugins/com.st.stm32cube.ide.mcu.externaltools.gnu-tools-for-stm32.13.3.rel1.win32_1.0.0.202411081344/tools/bin/../lib/gcc/arm-none-eabi/13.3.1/../../../../arm-none-eabi/lib/thumb/v8-m.main+fp/hard\libc_nano.a(libc_a-wbuf.o)
                0x0800cc50                __swbuf_r
 .text.__swsetup_r
                0x0800cccc       0xac C:/Users/sarak/TEC/5_SEMESTRE/STMCubeIDE/STM32CubeIDE/plugins/com.st.stm32cube.ide.mcu.externaltools.gnu-tools-for-stm32.13.3.rel1.win32_1.0.0.202411081344/tools/bin/../lib/gcc/arm-none-eabi/13.3.1/../../../../arm-none-eabi/lib/thumb/v8-m.main+fp/hard\libc_nano.a(libc_a-wsetup.o)
                0x0800cccc                __swsetup_r
 .text._raise_r
                0x0800cd78       0x50 C:/Users/sarak/TEC/5_SEMESTRE/STMCubeIDE/STM32CubeIDE/plugins/com.st.stm32cube.ide.mcu.externaltools.gnu-tools-for-stm32.13.3.rel1.win32_1.0.0.202411081344/tools/bin/../lib/gcc/arm-none-eabi/13.3.1/../../../../arm-none-eabi/lib/thumb/v8-m.main+fp/hard\libc_nano.a(libc_a-signal.o)
                0x0800cd78                _raise_r
 .text.raise    0x0800cdc8       0x10 C:/Users/sarak/TEC/5_SEMESTRE/STMCubeIDE/STM32CubeIDE/plugins/com.st.stm32cube.ide.mcu.externaltools.gnu-tools-for-stm32.13.3.rel1.win32_1.0.0.202411081344/tools/bin/../lib/gcc/arm-none-eabi/13.3.1/../../../../arm-none-eabi/lib/thumb/v8-m.main+fp/hard\libc_nano.a(libc_a-signal.o)
                0x0800cdc8                raise
 .text._kill_r  0x0800cdd8       0x24 C:/Users/sarak/TEC/5_SEMESTRE/STMCubeIDE/STM32CubeIDE/plugins/com.st.stm32cube.ide.mcu.externaltools.gnu-tools-for-stm32.13.3.rel1.win32_1.0.0.202411081344/tools/bin/../lib/gcc/arm-none-eabi/13.3.1/../../../../arm-none-eabi/lib/thumb/v8-m.main+fp/hard\libc_nano.a(libc_a-signalr.o)
                0x0800cdd8                _kill_r
 .text._getpid_r
                0x0800cdfc        0x4 C:/Users/sarak/TEC/5_SEMESTRE/STMCubeIDE/STM32CubeIDE/plugins/com.st.stm32cube.ide.mcu.externaltools.gnu-tools-for-stm32.13.3.rel1.win32_1.0.0.202411081344/tools/bin/../lib/gcc/arm-none-eabi/13.3.1/../../../../arm-none-eabi/lib/thumb/v8-m.main+fp/hard\libc_nano.a(libc_a-signalr.o)
                0x0800cdfc                _getpid_r
 .text.__swhatbuf_r
                0x0800ce00       0x4a C:/Users/sarak/TEC/5_SEMESTRE/STMCubeIDE/STM32CubeIDE/plugins/com.st.stm32cube.ide.mcu.externaltools.gnu-tools-for-stm32.13.3.rel1.win32_1.0.0.202411081344/tools/bin/../lib/gcc/arm-none-eabi/13.3.1/../../../../arm-none-eabi/lib/thumb/v8-m.main+fp/hard\libc_nano.a(libc_a-makebuf.o)
                0x0800ce00                __swhatbuf_r
 .text.__smakebuf_r
                0x0800ce4a       0x78 C:/Users/sarak/TEC/5_SEMESTRE/STMCubeIDE/STM32CubeIDE/plugins/com.st.stm32cube.ide.mcu.externaltools.gnu-tools-for-stm32.13.3.rel1.win32_1.0.0.202411081344/tools/bin/../lib/gcc/arm-none-eabi/13.3.1/../../../../arm-none-eabi/lib/thumb/v8-m.main+fp/hard\libc_nano.a(libc_a-makebuf.o)
                0x0800ce4a                __smakebuf_r
 *fill*         0x0800cec2        0x2 
 .text._fstat_r
                0x0800cec4       0x24 C:/Users/sarak/TEC/5_SEMESTRE/STMCubeIDE/STM32CubeIDE/plugins/com.st.stm32cube.ide.mcu.externaltools.gnu-tools-for-stm32.13.3.rel1.win32_1.0.0.202411081344/tools/bin/../lib/gcc/arm-none-eabi/13.3.1/../../../../arm-none-eabi/lib/thumb/v8-m.main+fp/hard\libc_nano.a(libc_a-fstatr.o)
                0x0800cec4                _fstat_r
 .text._isatty_r
                0x0800cee8       0x20 C:/Users/sarak/TEC/5_SEMESTRE/STMCubeIDE/STM32CubeIDE/plugins/com.st.stm32cube.ide.mcu.externaltools.gnu-tools-for-stm32.13.3.rel1.win32_1.0.0.202411081344/tools/bin/../lib/gcc/arm-none-eabi/13.3.1/../../../../arm-none-eabi/lib/thumb/v8-m.main+fp/hard\libc_nano.a(libc_a-isattyr.o)
                0x0800cee8                _isatty_r
 .text.sqrt     0x0800cf08       0x58 C:/Users/sarak/TEC/5_SEMESTRE/STMCubeIDE/STM32CubeIDE/plugins/com.st.stm32cube.ide.mcu.externaltools.gnu-tools-for-stm32.13.3.rel1.win32_1.0.0.202411081344/tools/bin/../lib/gcc/arm-none-eabi/13.3.1/../../../../arm-none-eabi/lib/thumb/v8-m.main+fp/hard\libm.a(libm_a-w_sqrt.o)
                0x0800cf08                sqrt
 .text.__ieee754_sqrt
                0x0800cf60      0x1b4 C:/Users/sarak/TEC/5_SEMESTRE/STMCubeIDE/STM32CubeIDE/plugins/com.st.stm32cube.ide.mcu.externaltools.gnu-tools-for-stm32.13.3.rel1.win32_1.0.0.202411081344/tools/bin/../lib/gcc/arm-none-eabi/13.3.1/../../../../arm-none-eabi/lib/thumb/v8-m.main+fp/hard\libm.a(libm_a-e_sqrt.o)
                0x0800cf60                __ieee754_sqrt
 *(.glue_7)
 .glue_7        0x0800d114        0x0 linker stubs
 *(.glue_7t)
 .glue_7t       0x0800d114        0x0 linker stubs
 *(.eh_frame)
 .eh_frame      0x0800d114        0x0 C:/Users/sarak/TEC/5_SEMESTRE/STMCubeIDE/STM32CubeIDE/plugins/com.st.stm32cube.ide.mcu.externaltools.gnu-tools-for-stm32.13.3.rel1.win32_1.0.0.202411081344/tools/bin/../lib/gcc/arm-none-eabi/13.3.1/thumb/v8-m.main+fp/hard/crtbegin.o
 *(.init)
 .init          0x0800d114        0x4 C:/Users/sarak/TEC/5_SEMESTRE/STMCubeIDE/STM32CubeIDE/plugins/com.st.stm32cube.ide.mcu.externaltools.gnu-tools-for-stm32.13.3.rel1.win32_1.0.0.202411081344/tools/bin/../lib/gcc/arm-none-eabi/13.3.1/thumb/v8-m.main+fp/hard/crti.o
                0x0800d114                _init
 .init          0x0800d118        0x8 C:/Users/sarak/TEC/5_SEMESTRE/STMCubeIDE/STM32CubeIDE/plugins/com.st.stm32cube.ide.mcu.externaltools.gnu-tools-for-stm32.13.3.rel1.win32_1.0.0.202411081344/tools/bin/../lib/gcc/arm-none-eabi/13.3.1/thumb/v8-m.main+fp/hard/crtn.o
 *(.fini)
 .fini          0x0800d120        0x4 C:/Users/sarak/TEC/5_SEMESTRE/STMCubeIDE/STM32CubeIDE/plugins/com.st.stm32cube.ide.mcu.externaltools.gnu-tools-for-stm32.13.3.rel1.win32_1.0.0.202411081344/tools/bin/../lib/gcc/arm-none-eabi/13.3.1/thumb/v8-m.main+fp/hard/crti.o
                0x0800d120                _fini
 .fini          0x0800d124        0x8 C:/Users/sarak/TEC/5_SEMESTRE/STMCubeIDE/STM32CubeIDE/plugins/com.st.stm32cube.ide.mcu.externaltools.gnu-tools-for-stm32.13.3.rel1.win32_1.0.0.202411081344/tools/bin/../lib/gcc/arm-none-eabi/13.3.1/thumb/v8-m.main+fp/hard/crtn.o
                0x0800d12c                        . = ALIGN (0x4)
                0x0800d12c                        _etext = .

.vfp11_veneer   0x0800d12c        0x0
 .vfp11_veneer  0x0800d12c        0x0 linker stubs

.v4_bx          0x0800d12c        0x0
 .v4_bx         0x0800d12c        0x0 linker stubs

.iplt           0x0800d12c        0x0
 .iplt          0x0800d12c        0x0 C:/Users/sarak/TEC/5_SEMESTRE/STMCubeIDE/STM32CubeIDE/plugins/com.st.stm32cube.ide.mcu.externaltools.gnu-tools-for-stm32.13.3.rel1.win32_1.0.0.202411081344/tools/bin/../lib/gcc/arm-none-eabi/13.3.1/thumb/v8-m.main+fp/hard/crtbegin.o

.rodata         0x0800d130      0x578
                0x0800d130                        . = ALIGN (0x4)
 *(.rodata)
 .rodata        0x0800d130        0xc ./Core/Src/app_freertos.o
 .rodata        0x0800d13c      0x119 ./Core/Src/main.o
 *fill*         0x0800d255        0x3 
 .rodata        0x0800d258        0x5 ./Middlewares/Third_Party/FreeRTOS/Source/tasks.o
 *fill*         0x0800d25d        0x3 
 .rodata        0x0800d260        0xd ./Middlewares/Third_Party/FreeRTOS/Source/timers.o
 *(.rodata*)
 *fill*         0x0800d26d        0x3 
 .rodata.defaultTask_attributes
                0x0800d270       0x24 ./Core/Src/app_freertos.o
                0x0800d270                defaultTask_attributes
 .rodata.sensadoTemblores_attr
                0x0800d294       0x24 ./Core/Src/main.o
                0x0800d294                sensadoTemblores_attr
 .rodata.sensadoCalidadAire_attr
                0x0800d2b8       0x24 ./Core/Src/main.o
                0x0800d2b8                sensadoCalidadAire_attr
 .rodata.AHBPrescTable
                0x0800d2dc       0x10 ./Core/Src/system_stm32h5xx.o
                0x0800d2dc                AHBPrescTable
 .rodata.APBPrescTable
                0x0800d2ec        0x8 ./Core/Src/system_stm32h5xx.o
                0x0800d2ec                APBPrescTable
 .rodata.UARTPrescTable
                0x0800d2f4       0x18 ./Drivers/STM32H5xx_HAL_Driver/Src/stm32h5xx_hal_uart.o
                0x0800d2f4                UARTPrescTable
 .rodata.numerator.1
                0x0800d30c        0x8 ./Drivers/STM32H5xx_HAL_Driver/Src/stm32h5xx_hal_uart_ex.o
 .rodata.denominator.0
                0x0800d314        0x8 ./Drivers/STM32H5xx_HAL_Driver/Src/stm32h5xx_hal_uart_ex.o
 .rodata.uxTopUsedPriority
                0x0800d31c        0x4 ./Middlewares/Third_Party/FreeRTOS/Source/tasks.o
                0x0800d31c                uxTopUsedPriority
 .rodata._printf_float.str1.1
                0x0800d320      0x171 C:/Users/sarak/TEC/5_SEMESTRE/STMCubeIDE/STM32CubeIDE/plugins/com.st.stm32cube.ide.mcu.externaltools.gnu-tools-for-stm32.13.3.rel1.win32_1.0.0.202411081344/tools/bin/../lib/gcc/arm-none-eabi/13.3.1/../../../../arm-none-eabi/lib/thumb/v8-m.main+fp/hard\libc_nano.a(libc_a-nano-vfprintf_float.o)
                                 0x12 (size before relaxing)
 .rodata._printf_i.str1.1
                0x0800d491       0x22 C:/Users/sarak/TEC/5_SEMESTRE/STMCubeIDE/STM32CubeIDE/plugins/com.st.stm32cube.ide.mcu.externaltools.gnu-tools-for-stm32.13.3.rel1.win32_1.0.0.202411081344/tools/bin/../lib/gcc/arm-none-eabi/13.3.1/../../../../arm-none-eabi/lib/thumb/v8-m.main+fp/hard\libc_nano.a(libc_a-nano-vfprintf_i.o)
 .rodata._dtoa_r.str1.1
                0x0800d491       0x8f C:/Users/sarak/TEC/5_SEMESTRE/STMCubeIDE/STM32CubeIDE/plugins/com.st.stm32cube.ide.mcu.externaltools.gnu-tools-for-stm32.13.3.rel1.win32_1.0.0.202411081344/tools/bin/../lib/gcc/arm-none-eabi/13.3.1/../../../../arm-none-eabi/lib/thumb/v8-m.main+fp/hard\libc_nano.a(libc_a-dtoa.o)
 .rodata._Balloc.str1.1
                0x0800d491       0x70 C:/Users/sarak/TEC/5_SEMESTRE/STMCubeIDE/STM32CubeIDE/plugins/com.st.stm32cube.ide.mcu.externaltools.gnu-tools-for-stm32.13.3.rel1.win32_1.0.0.202411081344/tools/bin/../lib/gcc/arm-none-eabi/13.3.1/../../../../arm-none-eabi/lib/thumb/v8-m.main+fp/hard\libc_nano.a(libc_a-mprec.o)
 .rodata.__multadd.str1.1
                0x0800d491       0x11 C:/Users/sarak/TEC/5_SEMESTRE/STMCubeIDE/STM32CubeIDE/plugins/com.st.stm32cube.ide.mcu.externaltools.gnu-tools-for-stm32.13.3.rel1.win32_1.0.0.202411081344/tools/bin/../lib/gcc/arm-none-eabi/13.3.1/../../../../arm-none-eabi/lib/thumb/v8-m.main+fp/hard\libc_nano.a(libc_a-mprec.o)
 *fill*         0x0800d491        0x3 
 .rodata.p05.0  0x0800d494        0xc C:/Users/sarak/TEC/5_SEMESTRE/STMCubeIDE/STM32CubeIDE/plugins/com.st.stm32cube.ide.mcu.externaltools.gnu-tools-for-stm32.13.3.rel1.win32_1.0.0.202411081344/tools/bin/../lib/gcc/arm-none-eabi/13.3.1/../../../../arm-none-eabi/lib/thumb/v8-m.main+fp/hard\libc_nano.a(libc_a-mprec.o)
 .rodata.__mprec_bigtens
                0x0800d4a0       0x28 C:/Users/sarak/TEC/5_SEMESTRE/STMCubeIDE/STM32CubeIDE/plugins/com.st.stm32cube.ide.mcu.externaltools.gnu-tools-for-stm32.13.3.rel1.win32_1.0.0.202411081344/tools/bin/../lib/gcc/arm-none-eabi/13.3.1/../../../../arm-none-eabi/lib/thumb/v8-m.main+fp/hard\libc_nano.a(libc_a-mprec.o)
                0x0800d4a0                __mprec_bigtens
 .rodata.__mprec_tens
                0x0800d4c8       0xc8 C:/Users/sarak/TEC/5_SEMESTRE/STMCubeIDE/STM32CubeIDE/plugins/com.st.stm32cube.ide.mcu.externaltools.gnu-tools-for-stm32.13.3.rel1.win32_1.0.0.202411081344/tools/bin/../lib/gcc/arm-none-eabi/13.3.1/../../../../arm-none-eabi/lib/thumb/v8-m.main+fp/hard\libc_nano.a(libc_a-mprec.o)
                0x0800d4c8                __mprec_tens
 .rodata._svfprintf_r.str1.1
                0x0800d590       0x11 C:/Users/sarak/TEC/5_SEMESTRE/STMCubeIDE/STM32CubeIDE/plugins/com.st.stm32cube.ide.mcu.externaltools.gnu-tools-for-stm32.13.3.rel1.win32_1.0.0.202411081344/tools/bin/../lib/gcc/arm-none-eabi/13.3.1/../../../../arm-none-eabi/lib/thumb/v8-m.main+fp/hard\libc_nano.a(libc_a-nano-svfprintf.o)
 .rodata._setlocale_r.str1.1
                0x0800d590        0x9 C:/Users/sarak/TEC/5_SEMESTRE/STMCubeIDE/STM32CubeIDE/plugins/com.st.stm32cube.ide.mcu.externaltools.gnu-tools-for-stm32.13.3.rel1.win32_1.0.0.202411081344/tools/bin/../lib/gcc/arm-none-eabi/13.3.1/../../../../arm-none-eabi/lib/thumb/v8-m.main+fp/hard\libc_nano.a(libc_a-locale.o)
 .rodata.str1.1
                0x0800d590        0x2 C:/Users/sarak/TEC/5_SEMESTRE/STMCubeIDE/STM32CubeIDE/plugins/com.st.stm32cube.ide.mcu.externaltools.gnu-tools-for-stm32.13.3.rel1.win32_1.0.0.202411081344/tools/bin/../lib/gcc/arm-none-eabi/13.3.1/../../../../arm-none-eabi/lib/thumb/v8-m.main+fp/hard\libc_nano.a(libc_a-locale.o)
 .rodata.__assert_func.str1.1
                0x0800d590       0x3d C:/Users/sarak/TEC/5_SEMESTRE/STMCubeIDE/STM32CubeIDE/plugins/com.st.stm32cube.ide.mcu.externaltools.gnu-tools-for-stm32.13.3.rel1.win32_1.0.0.202411081344/tools/bin/../lib/gcc/arm-none-eabi/13.3.1/../../../../arm-none-eabi/lib/thumb/v8-m.main+fp/hard\libc_nano.a(libc_a-assert.o)
 .rodata._ctype_
                0x0800d590      0x101 C:/Users/sarak/TEC/5_SEMESTRE/STMCubeIDE/STM32CubeIDE/plugins/com.st.stm32cube.ide.mcu.externaltools.gnu-tools-for-stm32.13.3.rel1.win32_1.0.0.202411081344/tools/bin/../lib/gcc/arm-none-eabi/13.3.1/../../../../arm-none-eabi/lib/thumb/v8-m.main+fp/hard\libc_nano.a(libc_a-ctype_.o)
                0x0800d590                _ctype_
 .rodata._vfprintf_r.str1.1
                0x0800d691       0x11 C:/Users/sarak/TEC/5_SEMESTRE/STMCubeIDE/STM32CubeIDE/plugins/com.st.stm32cube.ide.mcu.externaltools.gnu-tools-for-stm32.13.3.rel1.win32_1.0.0.202411081344/tools/bin/../lib/gcc/arm-none-eabi/13.3.1/../../../../arm-none-eabi/lib/thumb/v8-m.main+fp/hard\libc_nano.a(libc_a-nano-vfprintf.o)
 *fill*         0x0800d691        0x7 
 .rodata.tiny   0x0800d698        0x8 C:/Users/sarak/TEC/5_SEMESTRE/STMCubeIDE/STM32CubeIDE/plugins/com.st.stm32cube.ide.mcu.externaltools.gnu-tools-for-stm32.13.3.rel1.win32_1.0.0.202411081344/tools/bin/../lib/gcc/arm-none-eabi/13.3.1/../../../../arm-none-eabi/lib/thumb/v8-m.main+fp/hard\libm.a(libm_a-e_sqrt.o)
 .rodata.one    0x0800d6a0        0x8 C:/Users/sarak/TEC/5_SEMESTRE/STMCubeIDE/STM32CubeIDE/plugins/com.st.stm32cube.ide.mcu.externaltools.gnu-tools-for-stm32.13.3.rel1.win32_1.0.0.202411081344/tools/bin/../lib/gcc/arm-none-eabi/13.3.1/../../../../arm-none-eabi/lib/thumb/v8-m.main+fp/hard\libm.a(libm_a-e_sqrt.o)
                0x0800d6a8                        . = ALIGN (0x4)

.ARM.extab      0x0800d6a8        0x0
                0x0800d6a8                        . = ALIGN (0x4)
 *(.ARM.extab* .gnu.linkonce.armextab.*)
                0x0800d6a8                        . = ALIGN (0x4)

.ARM            0x0800d6a8        0x8
                0x0800d6a8                        . = ALIGN (0x4)
                0x0800d6a8                        __exidx_start = .
 *(.ARM.exidx*)
 .ARM.exidx     0x0800d6a8        0x8 C:/Users/sarak/TEC/5_SEMESTRE/STMCubeIDE/STM32CubeIDE/plugins/com.st.stm32cube.ide.mcu.externaltools.gnu-tools-for-stm32.13.3.rel1.win32_1.0.0.202411081344/tools/bin/../lib/gcc/arm-none-eabi/13.3.1/../../../../arm-none-eabi/lib/thumb/v8-m.main+fp/hard\libc_nano.a(libc_a-strlen.o)
 .ARM.exidx     0x0800d6b0        0x0 C:/Users/sarak/TEC/5_SEMESTRE/STMCubeIDE/STM32CubeIDE/plugins/com.st.stm32cube.ide.mcu.externaltools.gnu-tools-for-stm32.13.3.rel1.win32_1.0.0.202411081344/tools/bin/../lib/gcc/arm-none-eabi/13.3.1/thumb/v8-m.main+fp/hard\libgcc.a(_udivmoddi4.o)
                                  0x8 (size before relaxing)
                0x0800d6b0                        __exidx_end = .
                0x0800d6b0                        . = ALIGN (0x4)

.preinit_array  0x0800d6b0        0x0
                0x0800d6b0                        . = ALIGN (0x4)
                0x0800d6b0                        PROVIDE (__preinit_array_start = .)
 *(.preinit_array*)
                0x0800d6b0                        PROVIDE (__preinit_array_end = .)
                0x0800d6b0                        . = ALIGN (0x4)

.init_array     0x0800d6b0        0x4
                0x0800d6b0                        . = ALIGN (0x4)
                0x0800d6b0                        PROVIDE (__init_array_start = .)
 *(SORT_BY_NAME(.init_array.*))
 *(.init_array*)
 .init_array    0x0800d6b0        0x4 C:/Users/sarak/TEC/5_SEMESTRE/STMCubeIDE/STM32CubeIDE/plugins/com.st.stm32cube.ide.mcu.externaltools.gnu-tools-for-stm32.13.3.rel1.win32_1.0.0.202411081344/tools/bin/../lib/gcc/arm-none-eabi/13.3.1/thumb/v8-m.main+fp/hard/crtbegin.o
                0x0800d6b4                        PROVIDE (__init_array_end = .)
                0x0800d6b4                        . = ALIGN (0x4)

.fini_array     0x0800d6b4        0x4
                0x0800d6b4                        . = ALIGN (0x4)
                [!provide]                        PROVIDE (__fini_array_start = .)
 *(SORT_BY_NAME(.fini_array.*))
 *(.fini_array*)
 .fini_array    0x0800d6b4        0x4 C:/Users/sarak/TEC/5_SEMESTRE/STMCubeIDE/STM32CubeIDE/plugins/com.st.stm32cube.ide.mcu.externaltools.gnu-tools-for-stm32.13.3.rel1.win32_1.0.0.202411081344/tools/bin/../lib/gcc/arm-none-eabi/13.3.1/thumb/v8-m.main+fp/hard/crtbegin.o
                [!provide]                        PROVIDE (__fini_array_end = .)
                0x0800d6b8                        . = ALIGN (0x4)
                0x0800d6b8                        _sidata = LOADADDR (.data)

.rel.dyn        0x0800d6b8        0x0
 .rel.iplt      0x0800d6b8        0x0 C:/Users/sarak/TEC/5_SEMESTRE/STMCubeIDE/STM32CubeIDE/plugins/com.st.stm32cube.ide.mcu.externaltools.gnu-tools-for-stm32.13.3.rel1.win32_1.0.0.202411081344/tools/bin/../lib/gcc/arm-none-eabi/13.3.1/thumb/v8-m.main+fp/hard/crtbegin.o

.data           0x20000000      0x1d8 load address 0x0800d6b8
                0x20000000                        . = ALIGN (0x4)
                0x20000000                        _sdata = .
 *(.data)
 *(.data*)
 .data.SystemCoreClock
                0x20000000        0x4 ./Core/Src/system_stm32h5xx.o
                0x20000000                SystemCoreClock
 .data.uwTickPrio
                0x20000004        0x4 ./Drivers/STM32H5xx_HAL_Driver/Src/stm32h5xx_hal.o
                0x20000004                uwTickPrio
 .data.uwTickFreq
                0x20000008        0x1 ./Drivers/STM32H5xx_HAL_Driver/Src/stm32h5xx_hal.o
                0x20000008                uwTickFreq
 *fill*         0x20000009        0x3 
 .data.ulCriticalNesting
                0x2000000c        0x4 ./Middlewares/Third_Party/FreeRTOS/Source/portable/GCC/ARM_CM33_NTZ/non_secure/port.o
 .data.__sglue  0x20000010        0xc C:/Users/sarak/TEC/5_SEMESTRE/STMCubeIDE/STM32CubeIDE/plugins/com.st.stm32cube.ide.mcu.externaltools.gnu-tools-for-stm32.13.3.rel1.win32_1.0.0.202411081344/tools/bin/../lib/gcc/arm-none-eabi/13.3.1/../../../../arm-none-eabi/lib/thumb/v8-m.main+fp/hard\libc_nano.a(libc_a-findfp.o)
                0x20000010                __sglue
 .data._impure_ptr
                0x2000001c        0x4 C:/Users/sarak/TEC/5_SEMESTRE/STMCubeIDE/STM32CubeIDE/plugins/com.st.stm32cube.ide.mcu.externaltools.gnu-tools-for-stm32.13.3.rel1.win32_1.0.0.202411081344/tools/bin/../lib/gcc/arm-none-eabi/13.3.1/../../../../arm-none-eabi/lib/thumb/v8-m.main+fp/hard\libc_nano.a(libc_a-impure.o)