../Core/Src/main.c:215:5:main	64	static
../Core/Src/main.c:580:6:SystemClock_Config	120	static
../Core/Src/main.c:630:13:MX_I2C1_Init	8	static
../Core/Src/main.c:678:13:MX_USART2_UART_Init	8	static
../Core/Src/main.c:726:13:MX_USART3_UART_Init	8	static
../Core/Src/main.c:774:13:MX_GPIO_Init	40	static
../Core/Src/main.c:810:7:ADXL_Init	24	static
../Core/Src/main.c:820:7:Value_Conversion	8	static
../Core/Src/main.c:827:8:filtroSuavizado	24	static
../Core/Src/main.c:832:7:ENS160_Init	24	static
../Core/Src/main.c:845:7:ENS160_ConfigReg	24	static
../Core/Src/main.c:855:7:AHT21_Init	24	static
../Core/Src/main.c:869:7:AHT21_ReadData	48	static
../Core/Src/main.c:900:7:ENS160_SetTempHum	40	static
../Core/Src/main.c:917:7:Read_ENS160_Data	32	static
../Core/Src/main.c:942:7:Send_USART	104	static
../Core/Src/main.c:987:6:Error_Handler	4	static,ignoring_inline_asm
