../Core/Src/main.c:137:5:main	32	static
../Core/Src/main.c:261:6:SystemClock_Config	120	static
../Core/Src/main.c:311:13:MX_I2C1_Init	8	static
../Core/Src/main.c:359:13:MX_USART2_UART_Init	8	static
../Core/Src/main.c:407:13:MX_USART3_UART_Init	8	static
../Core/Src/main.c:455:13:MX_GPIO_Init	40	static
../Core/Src/main.c:491:6:ADXL_Init	24	static
../Core/Src/main.c:501:6:Value_Conversion	8	static
../Core/Src/main.c:507:6:Send_USART	48	static
../Core/Src/main.c:521:7:filtroSuavizado	24	static
../Core/Src/main.c:531:6:Error_Handler	4	static,ignoring_inline_asm
