../Core/Src/main.c:107:5:main	16	static
../Core/Src/main.c:215:6:SystemClock_Config	120	static
../Core/Src/main.c:266:13:MX_USART2_UART_Init	8	static
../Core/Src/main.c:314:13:MX_USART3_UART_Init	8	static
../Core/Src/main.c:362:13:MX_GPIO_Init	48	static
../Core/Src/main.c:423:6:procesarPromedio	432	static
../Core/Src/main.c:485:6:parseNodo	272	static
../Core/Src/main.c:560:6:extractAlertType	32	static
../Core/Src/main.c:585:6:verificarAlertasComunes	368	static
../Core/Src/main.c:623:6:Error_Handler	4	static,ignoring_inline_asm
